../../../../../../../Drivers/STM32WBxx_HAL_Driver/Inc/stm32wbxx_ll_adc.h:5451:22:LL_ADC_SetChannelSamplingTime	12	static
../../../../../../../Drivers/STM32WBxx_HAL_Driver/Inc/stm32wbxx_ll_adc.h:5877:22:LL_ADC_SetAnalogWDMonitChannels	12	static
../../../../../../../Drivers/STM32WBxx_HAL_Driver/Inc/stm32wbxx_ll_adc.h:6706:26:LL_ADC_IsEnabled	0	static
../../../../../../../Drivers/STM32WBxx_HAL_Driver/Inc/stm32wbxx_ll_adc.h:6863:26:LL_ADC_REG_IsConversionOngoing	0	static
N:/STM32/STM32Cube_FW_WB_V1.20.0/Drivers/STM32WBxx_HAL_Driver/Src/stm32wbxx_hal_adc.c:1188:13:HAL_ADC_MspInit	0	static
N:/STM32/STM32Cube_FW_WB_V1.20.0/Drivers/STM32WBxx_HAL_Driver/Src/stm32wbxx_hal_adc.c:398:19:HAL_ADC_Init	24	static
N:/STM32/STM32Cube_FW_WB_V1.20.0/Drivers/STM32WBxx_HAL_Driver/Src/stm32wbxx_hal_adc.c:1205:13:HAL_ADC_MspDeInit	0	static
N:/STM32/STM32Cube_FW_WB_V1.20.0/Drivers/STM32WBxx_HAL_Driver/Src/stm32wbxx_hal_adc.c:1644:19:HAL_ADC_PollForConversion	24	static
N:/STM32/STM32Cube_FW_WB_V1.20.0/Drivers/STM32WBxx_HAL_Driver/Src/stm32wbxx_hal_adc.c:1777:19:HAL_ADC_PollForEvent	24	static
N:/STM32/STM32Cube_FW_WB_V1.20.0/Drivers/STM32WBxx_HAL_Driver/Src/stm32wbxx_hal_adc.c:2305:10:HAL_ADC_GetValue	0	static
N:/STM32/STM32Cube_FW_WB_V1.20.0/Drivers/STM32WBxx_HAL_Driver/Src/stm32wbxx_hal_adc.c:2647:13:HAL_ADC_ConvCpltCallback	0	static
N:/STM32/STM32Cube_FW_WB_V1.20.0/Drivers/STM32WBxx_HAL_Driver/Src/stm32wbxx_hal_adc.c:2662:13:HAL_ADC_ConvHalfCpltCallback	0	static
N:/STM32/STM32Cube_FW_WB_V1.20.0/Drivers/STM32WBxx_HAL_Driver/Src/stm32wbxx_hal_adc.c:3925:6:ADC_DMAHalfConvCplt	8	static
N:/STM32/STM32Cube_FW_WB_V1.20.0/Drivers/STM32WBxx_HAL_Driver/Src/stm32wbxx_hal_adc.c:2677:13:HAL_ADC_LevelOutOfWindowCallback	0	static
N:/STM32/STM32Cube_FW_WB_V1.20.0/Drivers/STM32WBxx_HAL_Driver/Src/stm32wbxx_hal_adc.c:2699:13:HAL_ADC_ErrorCallback	0	static
N:/STM32/STM32Cube_FW_WB_V1.20.0/Drivers/STM32WBxx_HAL_Driver/Src/stm32wbxx_hal_adc.c:2322:6:HAL_ADC_IRQHandler	16	static
N:/STM32/STM32Cube_FW_WB_V1.20.0/Drivers/STM32WBxx_HAL_Driver/Src/stm32wbxx_hal_adc.c:3811:6:ADC_DMAConvCplt	8	static
N:/STM32/STM32Cube_FW_WB_V1.20.0/Drivers/STM32WBxx_HAL_Driver/Src/stm32wbxx_hal_adc.c:3943:6:ADC_DMAError	8	static
N:/STM32/STM32Cube_FW_WB_V1.20.0/Drivers/STM32WBxx_HAL_Driver/Src/stm32wbxx_hal_adc.c:2745:19:HAL_ADC_ConfigChannel	32	static,ignoring_inline_asm
N:/STM32/STM32Cube_FW_WB_V1.20.0/Drivers/STM32WBxx_HAL_Driver/Src/stm32wbxx_hal_adc.c:3143:19:HAL_ADC_AnalogWDGConfig	24	static,ignoring_inline_asm
N:/STM32/STM32Cube_FW_WB_V1.20.0/Drivers/STM32WBxx_HAL_Driver/Src/stm32wbxx_hal_adc.c:3431:10:HAL_ADC_GetState	0	static
N:/STM32/STM32Cube_FW_WB_V1.20.0/Drivers/STM32WBxx_HAL_Driver/Src/stm32wbxx_hal_adc.c:3445:10:HAL_ADC_GetError	0	static
N:/STM32/STM32Cube_FW_WB_V1.20.0/Drivers/STM32WBxx_HAL_Driver/Src/stm32wbxx_hal_adc.c:3477:19:ADC_ConversionStop	16	static
N:/STM32/STM32Cube_FW_WB_V1.20.0/Drivers/STM32WBxx_HAL_Driver/Src/stm32wbxx_hal_adc.c:3652:19:ADC_Enable	24	static
N:/STM32/STM32Cube_FW_WB_V1.20.0/Drivers/STM32WBxx_HAL_Driver/Src/stm32wbxx_hal_adc.c:1495:19:HAL_ADC_Start	16	static
N:/STM32/STM32Cube_FW_WB_V1.20.0/Drivers/STM32WBxx_HAL_Driver/Src/stm32wbxx_hal_adc.c:1925:19:HAL_ADC_Start_IT	16	static
N:/STM32/STM32Cube_FW_WB_V1.20.0/Drivers/STM32WBxx_HAL_Driver/Src/stm32wbxx_hal_adc.c:2093:19:HAL_ADC_Start_DMA	24	static
N:/STM32/STM32Cube_FW_WB_V1.20.0/Drivers/STM32WBxx_HAL_Driver/Src/stm32wbxx_hal_adc.c:3745:19:ADC_Disable	16	static
N:/STM32/STM32Cube_FW_WB_V1.20.0/Drivers/STM32WBxx_HAL_Driver/Src/stm32wbxx_hal_adc.c:920:19:HAL_ADC_DeInit	16	static
N:/STM32/STM32Cube_FW_WB_V1.20.0/Drivers/STM32WBxx_HAL_Driver/Src/stm32wbxx_hal_adc.c:1579:19:HAL_ADC_Stop	8	static
N:/STM32/STM32Cube_FW_WB_V1.20.0/Drivers/STM32WBxx_HAL_Driver/Src/stm32wbxx_hal_adc.c:2032:19:HAL_ADC_Stop_IT	8	static
N:/STM32/STM32Cube_FW_WB_V1.20.0/Drivers/STM32WBxx_HAL_Driver/Src/stm32wbxx_hal_adc.c:2206:19:HAL_ADC_Stop_DMA	16	static
