Archive member included to satisfy reference by file (symbol)

C:/ST/STM32CubeIDE_1.16.0/STM32CubeIDE/plugins/com.st.stm32cube.ide.mcu.externaltools.gnu-tools-for-stm32.13.3.rel1.win32_1.0.0.202411081344/tools/bin/../lib/gcc/arm-none-eabi/13.3.1/../../../../arm-none-eabi/lib/thumb/v7e-m+fp/hard\libc_nano.a(libc_a-exit.o)
                              C:/ST/STM32CubeIDE_1.16.0/STM32CubeIDE/plugins/com.st.stm32cube.ide.mcu.externaltools.gnu-tools-for-stm32.13.3.rel1.win32_1.0.0.202411081344/tools/bin/../lib/gcc/arm-none-eabi/13.3.1/../../../../arm-none-eabi/lib/thumb/v7e-m+fp/hard/crt0.o (exit)
C:/ST/STM32CubeIDE_1.16.0/STM32CubeIDE/plugins/com.st.stm32cube.ide.mcu.externaltools.gnu-tools-for-stm32.13.3.rel1.win32_1.0.0.202411081344/tools/bin/../lib/gcc/arm-none-eabi/13.3.1/../../../../arm-none-eabi/lib/thumb/v7e-m+fp/hard\libc_nano.a(libc_a-findfp.o)
                              C:/ST/STM32CubeIDE_1.16.0/STM32CubeIDE/plugins/com.st.stm32cube.ide.mcu.externaltools.gnu-tools-for-stm32.13.3.rel1.win32_1.0.0.202411081344/tools/bin/../lib/gcc/arm-none-eabi/13.3.1/../../../../arm-none-eabi/lib/thumb/v7e-m+fp/hard\libc_nano.a(libc_a-exit.o) (__stdio_exit_handler)
C:/ST/STM32CubeIDE_1.16.0/STM32CubeIDE/plugins/com.st.stm32cube.ide.mcu.externaltools.gnu-tools-for-stm32.13.3.rel1.win32_1.0.0.202411081344/tools/bin/../lib/gcc/arm-none-eabi/13.3.1/../../../../arm-none-eabi/lib/thumb/v7e-m+fp/hard\libc_nano.a(libc_a-fwalk.o)
                              C:/ST/STM32CubeIDE_1.16.0/STM32CubeIDE/plugins/com.st.stm32cube.ide.mcu.externaltools.gnu-tools-for-stm32.13.3.rel1.win32_1.0.0.202411081344/tools/bin/../lib/gcc/arm-none-eabi/13.3.1/../../../../arm-none-eabi/lib/thumb/v7e-m+fp/hard\libc_nano.a(libc_a-findfp.o) (_fwalk_sglue)
C:/ST/STM32CubeIDE_1.16.0/STM32CubeIDE/plugins/com.st.stm32cube.ide.mcu.externaltools.gnu-tools-for-stm32.13.3.rel1.win32_1.0.0.202411081344/tools/bin/../lib/gcc/arm-none-eabi/13.3.1/../../../../arm-none-eabi/lib/thumb/v7e-m+fp/hard\libc_nano.a(libc_a-printf.o)
                              ./Middlewares/STM32_WPAN/utilities/dbg_trace.o (printf)
C:/ST/STM32CubeIDE_1.16.0/STM32CubeIDE/plugins/com.st.stm32cube.ide.mcu.externaltools.gnu-tools-for-stm32.13.3.rel1.win32_1.0.0.202411081344/tools/bin/../lib/gcc/arm-none-eabi/13.3.1/../../../../arm-none-eabi/lib/thumb/v7e-m+fp/hard\libc_nano.a(libc_a-stdio.o)
                              C:/ST/STM32CubeIDE_1.16.0/STM32CubeIDE/plugins/com.st.stm32cube.ide.mcu.externaltools.gnu-tools-for-stm32.13.3.rel1.win32_1.0.0.202411081344/tools/bin/../lib/gcc/arm-none-eabi/13.3.1/../../../../arm-none-eabi/lib/thumb/v7e-m+fp/hard\libc_nano.a(libc_a-findfp.o) (__sread)
C:/ST/STM32CubeIDE_1.16.0/STM32CubeIDE/plugins/com.st.stm32cube.ide.mcu.externaltools.gnu-tools-for-stm32.13.3.rel1.win32_1.0.0.202411081344/tools/bin/../lib/gcc/arm-none-eabi/13.3.1/../../../../arm-none-eabi/lib/thumb/v7e-m+fp/hard\libc_nano.a(libc_a-vprintf.o)
                              ./Middlewares/STM32_WPAN/utilities/dbg_trace.o (vprintf)
C:/ST/STM32CubeIDE_1.16.0/STM32CubeIDE/plugins/com.st.stm32cube.ide.mcu.externaltools.gnu-tools-for-stm32.13.3.rel1.win32_1.0.0.202411081344/tools/bin/../lib/gcc/arm-none-eabi/13.3.1/../../../../arm-none-eabi/lib/thumb/v7e-m+fp/hard\libc_nano.a(libc_a-memcmp.o)
                              ./Middlewares/STM32_WPAN/ble/core/osal.o (memcmp)
C:/ST/STM32CubeIDE_1.16.0/STM32CubeIDE/plugins/com.st.stm32cube.ide.mcu.externaltools.gnu-tools-for-stm32.13.3.rel1.win32_1.0.0.202411081344/tools/bin/../lib/gcc/arm-none-eabi/13.3.1/../../../../arm-none-eabi/lib/thumb/v7e-m+fp/hard\libc_nano.a(libc_a-memset.o)
                              C:/ST/STM32CubeIDE_1.16.0/STM32CubeIDE/plugins/com.st.stm32cube.ide.mcu.externaltools.gnu-tools-for-stm32.13.3.rel1.win32_1.0.0.202411081344/tools/bin/../lib/gcc/arm-none-eabi/13.3.1/../../../../arm-none-eabi/lib/thumb/v7e-m+fp/hard/crt0.o (memset)
C:/ST/STM32CubeIDE_1.16.0/STM32CubeIDE/plugins/com.st.stm32cube.ide.mcu.externaltools.gnu-tools-for-stm32.13.3.rel1.win32_1.0.0.202411081344/tools/bin/../lib/gcc/arm-none-eabi/13.3.1/../../../../arm-none-eabi/lib/thumb/v7e-m+fp/hard\libc_nano.a(libc_a-strrchr.o)
                              ./Middlewares/STM32_WPAN/utilities/dbg_trace.o (strrchr)
C:/ST/STM32CubeIDE_1.16.0/STM32CubeIDE/plugins/com.st.stm32cube.ide.mcu.externaltools.gnu-tools-for-stm32.13.3.rel1.win32_1.0.0.202411081344/tools/bin/../lib/gcc/arm-none-eabi/13.3.1/../../../../arm-none-eabi/lib/thumb/v7e-m+fp/hard\libc_nano.a(libc_a-closer.o)
                              C:/ST/STM32CubeIDE_1.16.0/STM32CubeIDE/plugins/com.st.stm32cube.ide.mcu.externaltools.gnu-tools-for-stm32.13.3.rel1.win32_1.0.0.202411081344/tools/bin/../lib/gcc/arm-none-eabi/13.3.1/../../../../arm-none-eabi/lib/thumb/v7e-m+fp/hard\libc_nano.a(libc_a-stdio.o) (_close_r)
[...]
Memory Configuration

Name             Origin             Length             Attributes
FLASH            0x08000000         0x00007000         xr
RAM1             0x20000008         0x0002fff8         xrw
RAM_SHARED       0x20030000         0x00002800         xrw
*default*        0x00000000         0xffffffff

Linker script and memory map

LOAD C:/ST/STM32CubeIDE_1.16.0/STM32CubeIDE/plugins/com.st.stm32cube.ide.mcu.externaltools.gnu-tools-for-stm32.13.3.rel1.win32_1.0.0.202411081344/tools/bin/../lib/gcc/arm-none-eabi/13.3.1/thumb/v7e-m+fp/hard/crti.o
LOAD C:/ST/STM32CubeIDE_1.16.0/STM32CubeIDE/plugins/com.st.stm32cube.ide.mcu.externaltools.gnu-tools-for-stm32.13.3.rel1.win32_1.0.0.202411081344/tools/bin/../lib/gcc/arm-none-eabi/13.3.1/thumb/v7e-m+fp/hard/crtbegin.o
LOAD C:/ST/STM32CubeIDE_1.16.0/STM32CubeIDE/plugins/com.st.stm32cube.ide.mcu.externaltools.gnu-tools-for-stm32.13.3.rel1.win32_1.0.0.202411081344/tools/bin/../lib/gcc/arm-none-eabi/13.3.1/../../../../arm-none-eabi/lib/thumb/v7e-m+fp/hard/crt0.o
LOAD ./Application/Core/app_debug.o
LOAD ./Application/Core/app_entry.o
LOAD ./Application/Core/flash_driver.o
LOAD ./Application/Core/hw_timerserver.o
LOAD ./Application/Core/hw_uart.o
LOAD ./Application/Core/main.o
LOAD ./Application/Core/stm32_lpm_if.o
LOAD ./Application/Core/stm32wbxx_it.o
LOAD ./Application/Core/syscalls.o
LOAD ./Application/Core/sysmem.o
LOAD ./Application/STM32_WPAN/app/app_ble.o
LOAD ./Application/STM32_WPAN/app/otas_app.o
LOAD ./Application/STM32_WPAN/target/hw_ipcc.o
LOAD ./Application/Startup/startup_stm32wb55rgvx.o
LOAD ./Drivers/BSP/P-NUCLEO-WB55.Nucleo/stm32wbxx_nucleo.o
LOAD ./Drivers/CMSIS/system_stm32wbxx.o
LOAD ./Drivers/STM32WBxx_HAL_Driver/stm32wbxx_hal.o
LOAD ./Drivers/STM32WBxx_HAL_Driver/stm32wbxx_hal_adc.o
LOAD ./Drivers/STM32WBxx_HAL_Driver/stm32wbxx_hal_adc_ex.o
LOAD ./Drivers/STM32WBxx_HAL_Driver/stm32wbxx_hal_cortex.o
LOAD ./Drivers/STM32WBxx_HAL_Driver/stm32wbxx_hal_dma.o
LOAD ./Drivers/STM32WBxx_HAL_Driver/stm32wbxx_hal_flash.o
LOAD ./Drivers/STM32WBxx_HAL_Driver/stm32wbxx_hal_flash_ex.o
LOAD ./Drivers/STM32WBxx_HAL_Driver/stm32wbxx_hal_gpio.o
LOAD ./Drivers/STM32WBxx_HAL_Driver/stm32wbxx_hal_pwr.o
LOAD ./Drivers/STM32WBxx_HAL_Driver/stm32wbxx_hal_pwr_ex.o
LOAD ./Drivers/STM32WBxx_HAL_Driver/stm32wbxx_hal_rcc.o
LOAD ./Drivers/STM32WBxx_HAL_Driver/stm32wbxx_hal_rcc_ex.o
LOAD ./Drivers/STM32WBxx_HAL_Driver/stm32wbxx_hal_rtc.o
LOAD ./Drivers/STM32WBxx_HAL_Driver/stm32wbxx_hal_rtc_ex.o
LOAD ./Drivers/STM32WBxx_HAL_Driver/stm32wbxx_hal_spi.o
LOAD ./Drivers/STM32WBxx_HAL_Driver/stm32wbxx_hal_spi_ex.o
LOAD ./Drivers/STM32WBxx_HAL_Driver/stm32wbxx_hal_uart.o
LOAD ./Drivers/STM32WBxx_HAL_Driver/stm32wbxx_hal_uart_ex.o
LOAD ./Middlewares/STM32_WPAN/ble/blesvc/otas_stm.o
LOAD ./Middlewares/STM32_WPAN/ble/blesvc/svc_ctl.o
LOAD ./Middlewares/STM32_WPAN/ble/core/ble_gap_aci.o
LOAD ./Middlewares/STM32_WPAN/ble/core/ble_gatt_aci.o
LOAD ./Middlewares/STM32_WPAN/ble/core/ble_hal_aci.o
LOAD ./Middlewares/STM32_WPAN/ble/core/ble_hci_le.o
LOAD ./Middlewares/STM32_WPAN/ble/core/ble_l2cap_aci.o
LOAD ./Middlewares/STM32_WPAN/ble/core/osal.o
LOAD ./Middlewares/STM32_WPAN/interface/patterns/ble_thread/shci/shci.o
LOAD ./Middlewares/STM32_WPAN/interface/patterns/ble_thread/tl/hci_tl.o
LOAD ./Middlewares/STM32_WPAN/interface/patterns/ble_thread/tl/hci_tl_if.o
LOAD ./Middlewares/STM32_WPAN/interface/patterns/ble_thread/tl/shci_tl.o
LOAD ./Middlewares/STM32_WPAN/interface/patterns/ble_thread/tl/shci_tl_if.o
LOAD ./Middlewares/STM32_WPAN/interface/patterns/ble_thread/tl/tl_mbox.o
LOAD ./Middlewares/STM32_WPAN/utilities/dbg_trace.o
LOAD ./Middlewares/STM32_WPAN/utilities/otp.o
LOAD ./Middlewares/STM32_WPAN/utilities/stm_list.o
LOAD ./Middlewares/STM32_WPAN/utilities/stm_queue.o
LOAD ./Utilities/stm32_lpm.o
LOAD ./Utilities/stm32_seq.o
START GROUP
LOAD C:/ST/STM32CubeIDE_1.16.0/STM32CubeIDE/plugins/com.st.stm32cube.ide.mcu.externaltools.gnu-tools-for-stm32.13.3.rel1.win32_1.0.0.202411081344/tools/bin/../lib/gcc/arm-none-eabi/13.3.1/../../../../arm-none-eabi/lib/thumb/v7e-m+fp/hard\libc_nano.a
LOAD C:/ST/STM32CubeIDE_1.16.0/STM32CubeIDE/plugins/com.st.stm32cube.ide.mcu.externaltools.gnu-tools-for-stm32.13.3.rel1.win32_1.0.0.202411081344/tools/bin/../lib/gcc/arm-none-eabi/13.3.1/../../../../arm-none-eabi/lib/thumb/v7e-m+fp/hard\libm.a
END GROUP
START GROUP
LOAD C:/ST/STM32CubeIDE_1.16.0/STM32CubeIDE/plugins/com.st.stm32cube.ide.mcu.externaltools.gnu-tools-for-stm32.13.3.rel1.win32_1.0.0.202411081344/tools/bin/../lib/gcc/arm-none-eabi/13.3.1/thumb/v7e-m+fp/hard\libgcc.a
LOAD C:/ST/STM32CubeIDE_1.16.0/STM32CubeIDE/plugins/com.st.stm32cube.ide.mcu.externaltools.gnu-tools-for-stm32.13.3.rel1.win32_1.0.0.202411081344/tools/bin/../lib/gcc/arm-none-eabi/13.3.1/../../../../arm-none-eabi/lib/thumb/v7e-m+fp/hard\libc_nano.a
END GROUP
START GROUP
LOAD C:/ST/STM32CubeIDE_1.16.0/STM32CubeIDE/plugins/com.st.stm32cube.ide.mcu.externaltools.gnu-tools-for-stm32.13.3.rel1.win32_1.0.0.202411081344/tools/bin/../lib/gcc/arm-none-eabi/13.3.1/thumb/v7e-m+fp/hard\libgcc.a
LOAD C:/ST/STM32CubeIDE_1.16.0/STM32CubeIDE/plugins/com.st.stm32cube.ide.mcu.externaltools.gnu-tools-for-stm32.13.3.rel1.win32_1.0.0.202411081344/tools/bin/../lib/gcc/arm-none-eabi/13.3.1/../../../../arm-none-eabi/lib/thumb/v7e-m+fp/hard\libc_nano.a
LOAD C:/ST/STM32CubeIDE_1.16.0/STM32CubeIDE/plugins/com.st.stm32cube.ide.mcu.externaltools.gnu-tools-for-stm32.13.3.rel1.win32_1.0.0.202411081344/tools/bin/../lib/gcc/arm-none-eabi/13.3.1/../../../../arm-none-eabi/lib/thumb/v7e-m+fp/hard\libnosys.a
END GROUP
START GROUP
LOAD C:/ST/STM32CubeIDE_1.16.0/STM32CubeIDE/plugins/com.st.stm32cube.ide.mcu.externaltools.gnu-tools-for-stm32.13.3.rel1.win32_1.0.0.202411081344/tools/bin/../lib/gcc/arm-none-eabi/13.3.1/thumb/v7e-m+fp/hard\libgcc.a
LOAD C:/ST/STM32CubeIDE_1.16.0/STM32CubeIDE/plugins/com.st.stm32cube.ide.mcu.externaltools.gnu-tools-for-stm32.13.3.rel1.win32_1.0.0.202411081344/tools/bin/../lib/gcc/arm-none-eabi/13.3.1/../../../../arm-none-eabi/lib/thumb/v7e-m+fp/hard\libc_nano.a
LOAD C:/ST/STM32CubeIDE_1.16.0/STM32CubeIDE/plugins/com.st.stm32cube.ide.mcu.externaltools.gnu-tools-for-stm32.13.3.rel1.win32_1.0.0.202411081344/tools/bin/../lib/gcc/arm-none-eabi/13.3.1/../../../../arm-none-eabi/lib/thumb/v7e-m+fp/hard\libnosys.a
END GROUP
LOAD C:/ST/STM32CubeIDE_1.16.0/STM32CubeIDE/plugins/com.st.stm32cube.ide.mcu.externaltools.gnu-tools-for-stm32.13.3.rel1.win32_1.0.0.202411081344/tools/bin/../lib/gcc/arm-none-eabi/13.3.1/thumb/v7e-m+fp/hard/crtend.o
LOAD C:/ST/STM32CubeIDE_1.16.0/STM32CubeIDE/plugins/com.st.stm32cube.ide.mcu.externaltools.gnu-tools-for-stm32.13.3.rel1.win32_1.0.0.202411081344/tools/bin/../lib/gcc/arm-none-eabi/13.3.1/thumb/v7e-m+fp/hard/crtn.o
                0x20030000                        _estack = 0x20030000
                0x00000400                        _Min_Heap_Size = 0x400
                0x00001000                        _Min_Stack_Size = 0x1000

.isr_vector     0x08000000      0x13c
                0x08000000                        . = ALIGN (0x4)
 *(.isr_vector)
 .isr_vector    0x08000000      0x13c ./Application/Startup/startup_stm32wb55rgvx.o
                0x08000000                g_pfnVectors
                0x0800013c                        . = ALIGN (0x4)

.text           0x0800013c     0x378c
                0x0800013c                        . = ALIGN (0x4)
 *(.text)
 .text          0x0800013c       0x40 C:/ST/STM32CubeIDE_1.16.0/STM32CubeIDE/plugins/com.st.stm32cube.ide.mcu.externaltools.gnu-tools-for-stm32.13.3.rel1.win32_1.0.0.202411081344/tools/bin/../lib/gcc/arm-none-eabi/13.3.1/thumb/v7e-m+fp/hard/crtbegin.o
 *(.text*)
 .text.LL_AHB2_GRP1_EnableClock
                0x0800017c       0x18 ./Application/Core/app_debug.o
 .text.LL_C2_AHB2_GRP1_EnableClock
                0x08000194       0x1e ./Application/Core/app_debug.o
 *fill*         0x080001b2        0x2 
 .text.APPD_Init
                0x080001b4      0x128 ./Application/Core/app_debug.o
                0x080001b4                APPD_Init
 .text.APPD_EnableCPU2
                0x080002dc       0x38 ./Application/Core/app_debug.o
                0x080002dc                APPD_EnableCPU2
 .text.__NVIC_SystemReset
                0x08000314       0x24 ./Application/Core/app_entry.o
 .text.APPE_SysStatusNot
                0x08000338        0x2 ./Application/Core/app_entry.o
 .text.APPE_SysUserEvtRx
                0x0800033a       0xca ./Application/Core/app_entry.o
 .text.APPE_Init
                0x08000404       0xd4 ./Application/Core/app_entry.o
                0x08000404                APPE_Init
 .text.UTIL_SEQ_Idle
                0x080004d8        0x4 ./Application/Core/app_entry.o
                0x080004d8                UTIL_SEQ_Idle
 .text.UTIL_SEQ_EvtIdle
                0x080004dc        0x8 ./Application/Core/app_entry.o
                0x080004dc                UTIL_SEQ_EvtIdle
 .text.shci_notify_asynch_evt
                0x080004e4        0x8 ./Application/Core/app_entry.o
                0x080004e4                shci_notify_asynch_evt
 .text.shci_cmd_resp_release
                0x080004ec        0x6 ./Application/Core/app_entry.o
                0x080004ec                shci_cmd_resp_release
 .text.shci_cmd_resp_wait
                0x080004f2        0x6 ./Application/Core/app_entry.o
                0x080004f2                shci_cmd_resp_wait
 .text.FD_WaitForSemAvailable
                0x080004f8        0x4 ./Application/Core/flash_driver.o
                0x080004f8                FD_WaitForSemAvailable
 .text.ProcessSingleFlashOperation
                0x080004fc       0xa0 ./Application/Core/flash_driver.o
 .text.FD_EraseSingleSector
                0x0800059c       0x20 ./Application/Core/flash_driver.o
                0x0800059c                FD_EraseSingleSector
 .text.FD_EraseSectors
                0x080005bc       0x5c ./Application/Core/flash_driver.o
                0x080005bc                FD_EraseSectors
 .text.FD_WriteSingleData
                0x08000618        0x8 ./Application/Core/flash_driver.o
                0x08000618                FD_WriteSingleData
 .text.FD_WriteData
                0x08000620       0x5c ./Application/Core/flash_driver.o
                0x08000620                FD_WriteData
 .text.ReadRtcSsrValue
                0x0800067c       0x1c ./Application/Core/hw_timerserver.o
 .text.ReturnTimeElapsed
                0x08000698       0x48 ./Application/Core/hw_timerserver.o
 .text.RescheduleTimerList
                0x080006e0      0x11c ./Application/Core/hw_timerserver.o
 .text.UnlinkTimer
                0x080007fc       0x80 ./Application/Core/hw_timerserver.o
 .text.HW_TS_Init
                0x0800087c      0x134 ./Application/Core/hw_timerserver.o
                0x0800087c                HW_TS_Init
 .text.HW_TS_Stop
                0x080009b0       0xb4 ./Application/Core/hw_timerserver.o
                0x080009b0                HW_TS_Stop
 .text.HW_TS_Start
                0x08000a64      0x15c ./Application/Core/hw_timerserver.o
                0x08000a64                HW_TS_Start
 .text.HW_TS_RTC_Int_AppNot
                0x08000bc0        0x2 ./Application/Core/hw_timerserver.o
                0x08000bc0                HW_TS_RTC_Int_AppNot
 *fill*         0x08000bc2        0x2 
 .text.HW_TS_RTC_Wakeup_Handler
                0x08000bc4       0xcc ./Application/Core/hw_timerserver.o
                0x08000bc4                HW_TS_RTC_Wakeup_Handler
 .text.HW_UART_Interrupt_Handler
                0x08000c90       0x10 ./Application/Core/hw_uart.o
                0x08000c90                HW_UART_Interrupt_Handler
 .text.HW_UART_DMA_Interrupt_Handler
                0x08000ca0       0x10 ./Application/Core/hw_uart.o
                0x08000ca0                HW_UART_DMA_Interrupt_Handler
 .text.HAL_UART_TxCpltCallback
                0x08000cb0       0x1c ./Application/Core/hw_uart.o
                0x08000cb0                HAL_UART_TxCpltCallback
 .text.startup.main
                0x08000ccc      0x134 ./Application/Core/main.o
                0x08000ccc                main
 .text.HAL_Delay
                0x08000e00       0x34 ./Application/Core/main.o
                0x08000e00                HAL_Delay
 .text.Error_Handler
                0x08000e34        0x2 ./Application/Core/main.o
                0x08000e34                Error_Handler
 *fill*         0x08000e36        0x2 
 .text.PWR_EnterSleepMode
                0x08000e38       0x18 ./Application/Core/stm32_lpm_if.o
                0x08000e38                PWR_EnterSleepMode
 .text.PWR_ExitOffMode
                0x08000e50        0x4 ./Application/Core/stm32_lpm_if.o
                0x08000e50                PWR_ExitOffMode
 .text.PWR_ExitStopMode
                0x08000e54       0x7c ./Application/Core/stm32_lpm_if.o
                0x08000e54                PWR_ExitStopMode
 .text.PWR_ExitSleepMode
                0x08000ed0        0x4 ./Application/Core/stm32_lpm_if.o
                0x08000ed0                PWR_ExitSleepMode
 .text.Switch_On_HSI
                0x08000ed4       0x36 ./Application/Core/stm32_lpm_if.o
 *fill*         0x08000f0a        0x2 
 .text.EnterLowPower
                0x08000f0c       0x4c ./Application/Core/stm32_lpm_if.o
 .text.PWR_EnterOffMode
                0x08000f58       0x34 ./Application/Core/stm32_lpm_if.o
                0x08000f58                PWR_EnterOffMode
 .text.PWR_EnterStopMode
                0x08000f8c       0x30 ./Application/Core/stm32_lpm_if.o
                0x08000f8c                PWR_EnterStopMode
 .text.NMI_Handler
                0x08000fbc        0x2 ./Application/Core/stm32wbxx_it.o
                0x08000fbc                NMI_Handler
 .text.HardFault_Handler
                0x08000fbe        0x2 ./Application/Core/stm32wbxx_it.o
                0x08000fbe                HardFault_Handler
 .text.SVC_Handler
                0x08000fc0        0x2 ./Application/Core/stm32wbxx_it.o
                0x08000fc0                SVC_Handler
 .text.DebugMon_Handler
                0x08000fc2        0x2 ./Application/Core/stm32wbxx_it.o
                0x08000fc2                DebugMon_Handler
 .text.PendSV_Handler
                0x08000fc4        0x2 ./Application/Core/stm32wbxx_it.o
                0x08000fc4                PendSV_Handler
 .text.SysTick_Handler
                0x08000fc6        0x4 ./Application/Core/stm32wbxx_it.o
                0x08000fc6                SysTick_Handler
 .text.USART1_IRQHandler
                0x08000fca        0x6 ./Application/Core/stm32wbxx_it.o
                0x08000fca                USART1_IRQHandler
 .text.DMA2_Channel4_IRQHandler
                0x08000fd0        0x6 ./Application/Core/stm32wbxx_it.o
                0x08000fd0                DMA2_Channel4_IRQHandler
 .text.RTC_WKUP_IRQHandler
                0x08000fd6        0x4 ./Application/Core/stm32wbxx_it.o
                0x08000fd6                RTC_WKUP_IRQHandler
 .text.IPCC_C1_TX_IRQHandler
                0x08000fda        0x4 ./Application/Core/stm32wbxx_it.o
                0x08000fda                IPCC_C1_TX_IRQHandler
 .text.IPCC_C1_RX_IRQHandler
                0x08000fde        0x4 ./Application/Core/stm32wbxx_it.o
                0x08000fde                IPCC_C1_RX_IRQHandler
 .text.BLE_UserEvtRx
                0x08000fe2       0x16 ./Application/STM32_WPAN/app/app_ble.o
 .text.Adv_Request
                0x08000ff8       0x38 ./Application/STM32_WPAN/app/app_ble.o
 .text.BLE_StatusNot
                0x08001030       0x12 ./Application/STM32_WPAN/app/app_ble.o
 *fill*         0x08001042        0x2 
 .text.BleGetBdAddress
                0x08001044       0x44 ./Application/STM32_WPAN/app/app_ble.o
 .text.APP_BLE_Init
                0x08001088      0x1d4 ./Application/STM32_WPAN/app/app_ble.o
                0x08001088                APP_BLE_Init
 .text.SVCCTL_App_Notification
                0x0800125c       0x48 ./Application/STM32_WPAN/app/app_ble.o
                0x0800125c                SVCCTL_App_Notification
 .text.hci_notify_asynch_evt
                0x080012a4        0x8 ./Application/STM32_WPAN/app/app_ble.o
                0x080012a4                hci_notify_asynch_evt
 .text.hci_cmd_resp_release
                0x080012ac        0x6 ./Application/STM32_WPAN/app/app_ble.o
                0x080012ac                hci_cmd_resp_release
 .text.hci_cmd_resp_wait
                0x080012b2        0x6 ./Application/STM32_WPAN/app/app_ble.o
                0x080012b2                hci_cmd_resp_wait
 .text.OTAS_STM_Notification
                0x080012b8      0x15c ./Application/STM32_WPAN/app/otas_app.o
                0x080012b8                OTAS_STM_Notification
 .text.HW_IPCC_Enable
                0x08001414       0x50 ./Application/STM32_WPAN/target/hw_ipcc.o
                0x08001414                HW_IPCC_Enable
 .text.HW_IPCC_Init
                0x08001464       0x40 ./Application/STM32_WPAN/target/hw_ipcc.o
                0x08001464                HW_IPCC_Init
 .text.HW_IPCC_BLE_Init
                0x080014a4       0x10 ./Application/STM32_WPAN/target/hw_ipcc.o
                0x080014a4                HW_IPCC_BLE_Init
 .text.HW_IPCC_BLE_SendCmd
                0x080014b4       0x10 ./Application/STM32_WPAN/target/hw_ipcc.o
                0x080014b4                HW_IPCC_BLE_SendCmd
 .text.HW_IPCC_SYS_Init
                0x080014c4       0x10 ./Application/STM32_WPAN/target/hw_ipcc.o
                0x080014c4                HW_IPCC_SYS_Init
 .text.HW_IPCC_SYS_SendCmd
                0x080014d4       0x18 ./Application/STM32_WPAN/target/hw_ipcc.o
                0x080014d4                HW_IPCC_SYS_SendCmd
 .text.HW_IPCC_Tx_Handler
                0x080014ec       0x64 ./Application/STM32_WPAN/target/hw_ipcc.o
                0x080014ec                HW_IPCC_Tx_Handler
 .text.HW_IPCC_MM_SendFreeBuf
                0x08001550       0x2c ./Application/STM32_WPAN/target/hw_ipcc.o
                0x08001550                HW_IPCC_MM_SendFreeBuf
 .text.HW_IPCC_TRACES_Init
                0x0800157c       0x10 ./Application/STM32_WPAN/target/hw_ipcc.o
                0x0800157c                HW_IPCC_TRACES_Init
 .text.HW_IPCC_Rx_Handler
                0x0800158c       0x48 ./Application/STM32_WPAN/target/hw_ipcc.o
                0x0800158c                HW_IPCC_Rx_Handler
 .text.data_initializers
                0x080015d4       0x18 ./Application/Startup/startup_stm32wb55rgvx.o
 .text.Reset_Handler
                0x080015ec       0x54 ./Application/Startup/startup_stm32wb55rgvx.o
                0x080015ec                Reset_Handler
 .text.Default_Handler
                0x08001640        0x2 ./Application/Startup/startup_stm32wb55rgvx.o
                0x08001640                RTC_Alarm_IRQHandler
                0x08001640                EXTI2_IRQHandler
                0x08001640                TIM1_CC_IRQHandler
                0x08001640                TSC_IRQHandler
                0x08001640                USB_HP_IRQHandler
                0x08001640                EXTI3_IRQHandler
                0x08001640                LPTIM2_IRQHandler
                0x08001640                I2C3_ER_IRQHandler
                0x08001640                EXTI0_IRQHandler
                0x08001640                FPU_IRQHandler
                0x08001640                TIM1_UP_TIM16_IRQHandler
                0x08001640                UsageFault_Handler
                0x08001640                AES1_IRQHandler
                0x08001640                SPI1_IRQHandler
                0x08001640                PWR_SOTF_BLEACT_802ACT_RFPHASE_IRQHandler
                0x08001640                DMA2_Channel2_IRQHandler
                0x08001640                DMA1_Channel4_IRQHandler
                0x08001640                ADC1_IRQHandler
                0x08001640                PKA_IRQHandler
                0x08001640                DMA1_Channel7_IRQHandler
                0x08001640                LCD_IRQHandler
                0x08001640                DMA2_Channel1_IRQHandler
                0x08001640                QUADSPI_IRQHandler
                0x08001640                I2C1_EV_IRQHandler
                0x08001640                DMAMUX1_OVR_IRQHandler
                0x08001640                DMA1_Channel6_IRQHandler
                0x08001640                RCC_IRQHandler
                0x08001640                DMA1_Channel1_IRQHandler
                0x08001640                Default_Handler
                0x08001640                DMA2_Channel7_IRQHandler
                0x08001640                EXTI15_10_IRQHandler
                0x08001640                C2SEV_PWR_C2H_IRQHandler
                0x08001640                AES2_IRQHandler
                0x08001640                I2C3_EV_IRQHandler
                0x08001640                EXTI9_5_IRQHandler
                0x08001640                PVD_PVM_IRQHandler
                0x08001640                SPI2_IRQHandler
                0x08001640                MemManage_Handler
                0x08001640                DMA2_Channel5_IRQHandler
                0x08001640                CRS_IRQHandler
                0x08001640                DMA1_Channel5_IRQHandler
                0x08001640                USB_LP_IRQHandler
                0x08001640                EXTI4_IRQHandler
                0x08001640                RNG_IRQHandler
                0x08001640                TIM1_TRG_COM_TIM17_IRQHandler
                0x08001640                TAMP_STAMP_LSECSS_IRQHandler
                0x08001640                DMA1_Channel3_IRQHandler
                0x08001640                COMP_IRQHandler
                0x08001640                HSEM_IRQHandler
                0x08001640                WWDG_IRQHandler
                0x08001640                LPUART1_IRQHandler
                0x08001640                DMA2_Channel6_IRQHandler
                0x08001640                TIM2_IRQHandler
                0x08001640                TIM1_BRK_IRQHandler
                0x08001640                EXTI1_IRQHandler
                0x08001640                DMA1_Channel2_IRQHandler
                0x08001640                FLASH_IRQHandler
                0x08001640                BusFault_Handler
                0x08001640                I2C1_ER_IRQHandler
                0x08001640                LPTIM1_IRQHandler
                0x08001640                SAI1_IRQHandler
                0x08001640                DMA2_Channel3_IRQHandler
 .text.LL_AHB2_GRP1_EnableClock
                0x08001642       0x18 ./Drivers/BSP/P-NUCLEO-WB55.Nucleo/stm32wbxx_nucleo.o
 *fill*         0x0800165a        0x2 
 .text.BSP_LED_Init
                0x0800165c       0x44 ./Drivers/BSP/P-NUCLEO-WB55.Nucleo/stm32wbxx_nucleo.o
                0x0800165c                BSP_LED_Init
 .text.BSP_LED_On
                0x080016a0       0x1c ./Drivers/BSP/P-NUCLEO-WB55.Nucleo/stm32wbxx_nucleo.o
                0x080016a0                BSP_LED_On
 .text.BSP_LED_Off
                0x080016bc       0x1c ./Drivers/BSP/P-NUCLEO-WB55.Nucleo/stm32wbxx_nucleo.o
                0x080016bc                BSP_LED_Off
 .text.BSP_PB_Init
                0x080016d8       0x90 ./Drivers/BSP/P-NUCLEO-WB55.Nucleo/stm32wbxx_nucleo.o
                0x080016d8                BSP_PB_Init
 .text.CheckFwAppValidity
                0x08001768       0x40 ./Drivers/CMSIS/system_stm32wbxx.o
 .text.JumpFwApp
                0x080017a8       0x20 ./Drivers/CMSIS/system_stm32wbxx.o
 .text.JumpSelectionOnPowerUp
                0x080017c8       0x26 ./Drivers/CMSIS/system_stm32wbxx.o
 *fill*         0x080017ee        0x2 
 .text.SystemInit
                0x080017f0       0xdc ./Drivers/CMSIS/system_stm32wbxx.o
                0x080017f0                SystemInit
 .text.HAL_MspInit
                0x080018cc        0x2 ./Drivers/STM32WBxx_HAL_Driver/stm32wbxx_hal.o
                0x080018cc                HAL_MspInit
 *fill*         0x080018ce        0x2 
 .text.HAL_InitTick
                0x080018d0       0x4c ./Drivers/STM32WBxx_HAL_Driver/stm32wbxx_hal.o
                0x080018d0                HAL_InitTick
 .text.HAL_Init
                0x0800191c       0x1e ./Drivers/STM32WBxx_HAL_Driver/stm32wbxx_hal.o
                0x0800191c                HAL_Init
 *fill*         0x0800193a        0x2 
 .text.HAL_IncTick
                0x0800193c       0x18 ./Drivers/STM32WBxx_HAL_Driver/stm32wbxx_hal.o
                0x0800193c                HAL_IncTick
 .text.HAL_GetTick
                0x08001954        0xc ./Drivers/STM32WBxx_HAL_Driver/stm32wbxx_hal.o
                0x08001954                HAL_GetTick
 .text.HAL_GetTickFreq
                0x08001960        0xc ./Drivers/STM32WBxx_HAL_Driver/stm32wbxx_hal.o
                0x08001960                HAL_GetTickFreq
 .text.HAL_SuspendTick
                0x0800196c        0xe ./Drivers/STM32WBxx_HAL_Driver/stm32wbxx_hal.o
                0x0800196c                HAL_SuspendTick
 .text.HAL_ResumeTick
                0x0800197a        0xe ./Drivers/STM32WBxx_HAL_Driver/stm32wbxx_hal.o
                0x0800197a                HAL_ResumeTick
 .text.HAL_DBGMCU_DisableDBGSleepMode
                0x08001988       0x10 ./Drivers/STM32WBxx_HAL_Driver/stm32wbxx_hal.o
                0x08001988                HAL_DBGMCU_DisableDBGSleepMode
 .text.HAL_DBGMCU_DisableDBGStopMode
                0x08001998       0x10 ./Drivers/STM32WBxx_HAL_Driver/stm32wbxx_hal.o
                0x08001998                HAL_DBGMCU_DisableDBGStopMode
 .text.HAL_DBGMCU_DisableDBGStandbyMode
                0x080019a8       0x10 ./Drivers/STM32WBxx_HAL_Driver/stm32wbxx_hal.o
                0x080019a8                HAL_DBGMCU_DisableDBGStandbyMode
 .text.HAL_NVIC_SetPriorityGrouping
                0x080019b8       0x24 ./Drivers/STM32WBxx_HAL_Driver/stm32wbxx_hal_cortex.o
                0x080019b8                HAL_NVIC_SetPriorityGrouping
 .text.HAL_NVIC_SetPriority
                0x080019dc       0x64 ./Drivers/STM32WBxx_HAL_Driver/stm32wbxx_hal_cortex.o
                0x080019dc                HAL_NVIC_SetPriority
 .text.HAL_NVIC_EnableIRQ
                0x08001a40       0x1c ./Drivers/STM32WBxx_HAL_Driver/stm32wbxx_hal_cortex.o
                0x08001a40                HAL_NVIC_EnableIRQ
 .text.HAL_NVIC_DisableIRQ
                0x08001a5c       0x24 ./Drivers/STM32WBxx_HAL_Driver/stm32wbxx_hal_cortex.o
                0x08001a5c                HAL_NVIC_DisableIRQ
 .text.HAL_SYSTICK_Config
                0x08001a80       0x28 ./Drivers/STM32WBxx_HAL_Driver/stm32wbxx_hal_cortex.o
                0x08001a80                HAL_SYSTICK_Config
 .text.HAL_NVIC_SetPendingIRQ
                0x08001aa8       0x1c ./Drivers/STM32WBxx_HAL_Driver/stm32wbxx_hal_cortex.o
                0x08001aa8                HAL_NVIC_SetPendingIRQ
 .text.HAL_NVIC_ClearPendingIRQ
                0x08001ac4       0x1c ./Drivers/STM32WBxx_HAL_Driver/stm32wbxx_hal_cortex.o
                0x08001ac4                HAL_NVIC_ClearPendingIRQ
 .text.HAL_DMA_Abort
                0x08001ae0       0x6a ./Drivers/STM32WBxx_HAL_Driver/stm32wbxx_hal_dma.o
                0x08001ae0                HAL_DMA_Abort
 .text.HAL_DMA_Abort_IT
                0x08001b4a       0x6a ./Drivers/STM32WBxx_HAL_Driver/stm32wbxx_hal_dma.o
                0x08001b4a                HAL_DMA_Abort_IT
 .text.HAL_DMA_IRQHandler
                0x08001bb4       0x94 ./Drivers/STM32WBxx_HAL_Driver/stm32wbxx_hal_dma.o
                0x08001bb4                HAL_DMA_IRQHandler
 .text.HAL_FLASH_Unlock
                0x08001c48       0x24 ./Drivers/STM32WBxx_HAL_Driver/stm32wbxx_hal_flash.o
                0x08001c48                HAL_FLASH_Unlock
 .text.HAL_FLASH_Lock
                0x08001c6c       0x18 ./Drivers/STM32WBxx_HAL_Driver/stm32wbxx_hal_flash.o
                0x08001c6c                HAL_FLASH_Lock
 .text.FLASH_WaitForLastOperation
                0x08001c84       0x6c ./Drivers/STM32WBxx_HAL_Driver/stm32wbxx_hal_flash.o
                0x08001c84                FLASH_WaitForLastOperation
 .text.HAL_FLASH_Program
                0x08001cf0       0x70 ./Drivers/STM32WBxx_HAL_Driver/stm32wbxx_hal_flash.o
                0x08001cf0                HAL_FLASH_Program
 .text.FLASH_PageErase
                0x08001d60       0x1c ./Drivers/STM32WBxx_HAL_Driver/stm32wbxx_hal_flash_ex.o
                0x08001d60                FLASH_PageErase
 .text.HAL_FLASHEx_Erase
                0x08001d7c       0xd0 ./Drivers/STM32WBxx_HAL_Driver/stm32wbxx_hal_flash_ex.o
                0x08001d7c                HAL_FLASHEx_Erase
 .text.HAL_GPIO_Init
                0x08001e4c      0x16c ./Drivers/STM32WBxx_HAL_Driver/stm32wbxx_hal_gpio.o
                0x08001e4c                HAL_GPIO_Init
 .text.HAL_GPIO_WritePin
                0x08001fb8        0xa ./Drivers/STM32WBxx_HAL_Driver/stm32wbxx_hal_gpio.o
                0x08001fb8                HAL_GPIO_WritePin
 *fill*         0x08001fc2        0x2 
 .text.HAL_PWR_EnableBkUpAccess
                0x08001fc4       0x10 ./Drivers/STM32WBxx_HAL_Driver/stm32wbxx_hal_pwr.o
                0x08001fc4                HAL_PWR_EnableBkUpAccess
 .text.HAL_PWR_EnterSLEEPMode
                0x08001fd4       0x40 ./Drivers/STM32WBxx_HAL_Driver/stm32wbxx_hal_pwr.o
                0x08001fd4                HAL_PWR_EnterSLEEPMode
 .text.HAL_PWREx_EnableLowPowerRunMode
                0x08002014       0x10 ./Drivers/STM32WBxx_HAL_Driver/stm32wbxx_hal_pwr_ex.o
                0x08002014                HAL_PWREx_EnableLowPowerRunMode
 .text.HAL_PWREx_DisableLowPowerRunMode
                0x08002024       0x40 ./Drivers/STM32WBxx_HAL_Driver/stm32wbxx_hal_pwr_ex.o
                0x08002024                HAL_PWREx_DisableLowPowerRunMode
 .text.HAL_RCC_GetSysClockFreq
                0x08002064       0xa4 ./Drivers/STM32WBxx_HAL_Driver/stm32wbxx_hal_rcc.o
                0x08002064                HAL_RCC_GetSysClockFreq
 .text.HAL_RCC_GetHCLKFreq
                0x08002108       0x20 ./Drivers/STM32WBxx_HAL_Driver/stm32wbxx_hal_rcc.o
                0x08002108                HAL_RCC_GetHCLKFreq
 .text.HAL_RTC_MspInit
                0x08002128        0x2 ./Drivers/STM32WBxx_HAL_Driver/stm32wbxx_hal_rtc.o
                0x08002128                HAL_RTC_MspInit
 .text.HAL_RTC_WaitForSynchro
                0x0800212a       0x30 ./Drivers/STM32WBxx_HAL_Driver/stm32wbxx_hal_rtc.o
                0x0800212a                HAL_RTC_WaitForSynchro
 .text.RTC_EnterInitMode
                0x0800215a       0x34 ./Drivers/STM32WBxx_HAL_Driver/stm32wbxx_hal_rtc.o
                0x0800215a                RTC_EnterInitMode
 *fill*         0x0800218e        0x2 
 .text.HAL_RTC_Init
                0x08002190       0xc4 ./Drivers/STM32WBxx_HAL_Driver/stm32wbxx_hal_rtc.o
                0x08002190                HAL_RTC_Init
 .text.UART_EndRxTransfer
                0x08002254       0x58 ./Drivers/STM32WBxx_HAL_Driver/stm32wbxx_hal_uart.o
 .text.HAL_UART_ErrorCallback
                0x080022ac        0x2 ./Drivers/STM32WBxx_HAL_Driver/stm32wbxx_hal_uart.o
                0x080022ac                HAL_UART_ErrorCallback
 .text.UART_DMAAbortOnError
                0x080022ae       0x14 ./Drivers/STM32WBxx_HAL_Driver/stm32wbxx_hal_uart.o
 .text.HAL_UARTEx_RxEventCallback
                0x080022c2        0x2 ./Drivers/STM32WBxx_HAL_Driver/stm32wbxx_hal_uart.o
                0x080022c2                HAL_UARTEx_RxEventCallback
 .text.HAL_UART_IRQHandler
                0x080022c4      0x304 ./Drivers/STM32WBxx_HAL_Driver/stm32wbxx_hal_uart.o
                0x080022c4                HAL_UART_IRQHandler
 .text.HAL_UARTEx_WakeupCallback
                0x080025c8        0x2 ./Drivers/STM32WBxx_HAL_Driver/stm32wbxx_hal_uart_ex.o
                0x080025c8                HAL_UARTEx_WakeupCallback
 .text.HAL_UARTEx_RxFifoFullCallback
                0x080025ca        0x2 ./Drivers/STM32WBxx_HAL_Driver/stm32wbxx_hal_uart_ex.o
                0x080025ca                HAL_UARTEx_RxFifoFullCallback
 .text.HAL_UARTEx_TxFifoEmptyCallback
                0x080025cc        0x2 ./Drivers/STM32WBxx_HAL_Driver/stm32wbxx_hal_uart_ex.o
                0x080025cc                HAL_UARTEx_TxFifoEmptyCallback
 *fill*         0x080025ce        0x2 
 .text.OTAS_Event_Handler
                0x080025d0       0xa0 ./Middlewares/STM32_WPAN/ble/blesvc/otas_stm.o
 .text.OTAS_STM_Init
                0x08002670       0xa0 ./Middlewares/STM32_WPAN/ble/blesvc/otas_stm.o
                0x08002670                OTAS_STM_Init
 .text.OTAS_STM_UpdateChar
                0x08002710       0x20 ./Middlewares/STM32_WPAN/ble/blesvc/otas_stm.o
                0x08002710                OTAS_STM_UpdateChar
 .text.BAS_Init
                0x08002730        0x2 ./Middlewares/STM32_WPAN/ble/blesvc/svc_ctl.o
                0x08002730                BAS_Init
 .text.BLS_Init
                0x08002732        0x2 ./Middlewares/STM32_WPAN/ble/blesvc/svc_ctl.o
                0x08002732                BLS_Init
 .text.CRS_STM_Init
                0x08002734        0x2 ./Middlewares/STM32_WPAN/ble/blesvc/svc_ctl.o
                0x08002734                CRS_STM_Init
 .text.DIS_Init
                0x08002736        0x2 ./Middlewares/STM32_WPAN/ble/blesvc/svc_ctl.o
                0x08002736                DIS_Init
 .text.EDS_STM_Init
                0x08002738        0x2 ./Middlewares/STM32_WPAN/ble/blesvc/svc_ctl.o
                0x08002738                EDS_STM_Init
 .text.HIDS_Init
                0x0800273a        0x2 ./Middlewares/STM32_WPAN/ble/blesvc/svc_ctl.o
                0x0800273a                HIDS_Init
 .text.HRS_Init
                0x0800273c        0x2 ./Middlewares/STM32_WPAN/ble/blesvc/svc_ctl.o
                0x0800273c                HRS_Init
 .text.HTS_Init
                0x0800273e        0x2 ./Middlewares/STM32_WPAN/ble/blesvc/svc_ctl.o
                0x0800273e                HTS_Init
 .text.IAS_Init
                0x08002740        0x2 ./Middlewares/STM32_WPAN/ble/blesvc/svc_ctl.o
                0x08002740                IAS_Init
 .text.LLS_Init
                0x08002742        0x2 ./Middlewares/STM32_WPAN/ble/blesvc/svc_ctl.o
                0x08002742                LLS_Init
 .text.TPS_Init
                0x08002744        0x2 ./Middlewares/STM32_WPAN/ble/blesvc/svc_ctl.o
                0x08002744                TPS_Init
 .text.MOTENV_STM_Init
                0x08002746        0x2 ./Middlewares/STM32_WPAN/ble/blesvc/svc_ctl.o
                0x08002746                MOTENV_STM_Init
 .text.P2PS_STM_Init
                0x08002748        0x2 ./Middlewares/STM32_WPAN/ble/blesvc/svc_ctl.o
                0x08002748                P2PS_STM_Init
 .text.ZDD_STM_Init
                0x0800274a        0x2 ./Middlewares/STM32_WPAN/ble/blesvc/svc_ctl.o
                0x0800274a                ZDD_STM_Init
 .text.MESH_Init
                0x0800274c        0x2 ./Middlewares/STM32_WPAN/ble/blesvc/svc_ctl.o
                0x0800274c                MESH_Init
 .text.BVOPUS_STM_Init
                0x0800274e        0x2 ./Middlewares/STM32_WPAN/ble/blesvc/svc_ctl.o
                0x0800274e                BVOPUS_STM_Init
 .text.SVCCTL_InitCustomSvc
                0x08002750        0x2 ./Middlewares/STM32_WPAN/ble/blesvc/svc_ctl.o
                0x08002750                SVCCTL_InitCustomSvc
 .text.SVCCTL_SvcInit
                0x08002752       0x4c ./Middlewares/STM32_WPAN/ble/blesvc/svc_ctl.o
                0x08002752                SVCCTL_SvcInit
 *fill*         0x0800279e        0x2 
 .text.SVCCTL_Init
                0x080027a0       0x1c ./Middlewares/STM32_WPAN/ble/blesvc/svc_ctl.o
                0x080027a0                SVCCTL_Init
 .text.SVCCTL_RegisterSvcHandler
                0x080027bc       0x14 ./Middlewares/STM32_WPAN/ble/blesvc/svc_ctl.o
                0x080027bc                SVCCTL_RegisterSvcHandler
 .text.SVCCTL_UserEvtRx
                0x080027d0       0x48 ./Middlewares/STM32_WPAN/ble/blesvc/svc_ctl.o
                0x080027d0                SVCCTL_UserEvtRx
 .text.aci_gap_set_discoverable
                0x08002818       0xb0 ./Middlewares/STM32_WPAN/ble/core/ble_gap_aci.o
                0x08002818                aci_gap_set_discoverable
 .text.aci_gap_set_io_capability
                0x080028c8       0x48 ./Middlewares/STM32_WPAN/ble/core/ble_gap_aci.o
                0x080028c8                aci_gap_set_io_capability
 .text.aci_gap_set_authentication_requirement
                0x08002910       0x7c ./Middlewares/STM32_WPAN/ble/core/ble_gap_aci.o
                0x08002910                aci_gap_set_authentication_requirement
 .text.aci_gap_init
                0x0800298c       0x84 ./Middlewares/STM32_WPAN/ble/core/ble_gap_aci.o
                0x0800298c                aci_gap_init
 .text.aci_gap_update_adv_data
                0x08002a10       0x54 ./Middlewares/STM32_WPAN/ble/core/ble_gap_aci.o
                0x08002a10                aci_gap_update_adv_data
 .text.aci_gatt_init
                0x08002a64       0x3c ./Middlewares/STM32_WPAN/ble/core/ble_gatt_aci.o
                0x08002a64                aci_gatt_init
 .text.aci_gatt_add_service
                0x08002aa0       0xa0 ./Middlewares/STM32_WPAN/ble/core/ble_gatt_aci.o
                0x08002aa0                aci_gatt_add_service
 .text.aci_gatt_add_char
                0x08002b40       0xb8 ./Middlewares/STM32_WPAN/ble/core/ble_gatt_aci.o
                0x08002b40                aci_gatt_add_char
 .text.aci_gatt_update_char_value
                0x08002bf8       0x64 ./Middlewares/STM32_WPAN/ble/core/ble_gatt_aci.o
                0x08002bf8                aci_gatt_update_char_value
 .text.aci_gatt_confirm_indication
                0x08002c5c       0x48 ./Middlewares/STM32_WPAN/ble/core/ble_gatt_aci.o
                0x08002c5c                aci_gatt_confirm_indication
 .text.aci_gatt_write_resp
                0x08002ca4       0x68 ./Middlewares/STM32_WPAN/ble/core/ble_gatt_aci.o
                0x08002ca4                aci_gatt_write_resp
 .text.aci_hal_write_config_data
                0x08002d0c       0x5c ./Middlewares/STM32_WPAN/ble/core/ble_hal_aci.o
                0x08002d0c                aci_hal_write_config_data
 .text.aci_hal_set_tx_power_level
                0x08002d68       0x4c ./Middlewares/STM32_WPAN/ble/core/ble_hal_aci.o
                0x08002d68                aci_hal_set_tx_power_level
 .text.hci_reset
                0x08002db4       0x3a ./Middlewares/STM32_WPAN/ble/core/ble_hci_le.o
                0x08002db4                hci_reset
 .text.Osal_MemCpy
                0x08002dee        0x4 ./Middlewares/STM32_WPAN/ble/core/osal.o
                0x08002dee                Osal_MemCpy
 .text.Osal_MemSet
                0x08002df2        0x4 ./Middlewares/STM32_WPAN/ble/core/osal.o
                0x08002df2                Osal_MemSet
 .text.SHCI_C2_FUS_GetState
                0x08002df6       0x24 ./Middlewares/STM32_WPAN/interface/patterns/ble_thread/shci/shci.o
                0x08002df6                SHCI_C2_FUS_GetState
 .text.SHCI_C2_FUS_FwUpgrade
                0x08002e1a       0x2a ./Middlewares/STM32_WPAN/interface/patterns/ble_thread/shci/shci.o
                0x08002e1a                SHCI_C2_FUS_FwUpgrade
 .text.SHCI_C2_FUS_StartWs
                0x08002e44       0x1a ./Middlewares/STM32_WPAN/interface/patterns/ble_thread/shci/shci.o
                0x08002e44                SHCI_C2_FUS_StartWs
 .text.SHCI_C2_BLE_Init
                0x08002e5e       0x1c ./Middlewares/STM32_WPAN/interface/patterns/ble_thread/shci/shci.o
                0x08002e5e                SHCI_C2_BLE_Init
 .text.SHCI_C2_DEBUG_Init
                0x08002e7a       0x1c ./Middlewares/STM32_WPAN/interface/patterns/ble_thread/shci/shci.o
                0x08002e7a                SHCI_C2_DEBUG_Init
 .text.SHCI_C2_FLASH_EraseActivity
                0x08002e96       0x1e ./Middlewares/STM32_WPAN/interface/patterns/ble_thread/shci/shci.o
                0x08002e96                SHCI_C2_FLASH_EraseActivity
 .text.SHCI_C2_SetFlashActivityControl
                0x08002eb4       0x1e ./Middlewares/STM32_WPAN/interface/patterns/ble_thread/shci/shci.o
                0x08002eb4                SHCI_C2_SetFlashActivityControl
 *fill*         0x08002ed2        0x2 
 .text.hci_init
                0x08002ed4       0x5c ./Middlewares/STM32_WPAN/interface/patterns/ble_thread/tl/hci_tl.o
                0x08002ed4                hci_init
 .text.hci_user_evt_proc
                0x08002f30       0x6c ./Middlewares/STM32_WPAN/interface/patterns/ble_thread/tl/hci_tl.o
                0x08002f30                hci_user_evt_proc
 .text.hci_send_req
                0x08002f9c       0xd4 ./Middlewares/STM32_WPAN/interface/patterns/ble_thread/tl/hci_tl.o
                0x08002f9c                hci_send_req
 .text.TlEvtReceived
                0x08003070       0x34 ./Middlewares/STM32_WPAN/interface/patterns/ble_thread/tl/hci_tl.o
 .text.hci_register_io_bus
                0x080030a4       0x14 ./Middlewares/STM32_WPAN/interface/patterns/ble_thread/tl/hci_tl_if.o
                0x080030a4                hci_register_io_bus
 .text.TlUserEvtReceived
                0x080030b8       0x1c ./Middlewares/STM32_WPAN/interface/patterns/ble_thread/tl/shci_tl.o
 .text.Cmd_SetStatus.constprop.0
                0x080030d4       0x18 ./Middlewares/STM32_WPAN/interface/patterns/ble_thread/tl/shci_tl.o
 .text.shci_init
                0x080030ec       0x60 ./Middlewares/STM32_WPAN/interface/patterns/ble_thread/tl/shci_tl.o
                0x080030ec                shci_init
 .text.shci_user_evt_proc
                0x0800314c       0x6c ./Middlewares/STM32_WPAN/interface/patterns/ble_thread/tl/shci_tl.o
                0x0800314c                shci_user_evt_proc
 .text.shci_send
                0x080031b8       0x7c ./Middlewares/STM32_WPAN/interface/patterns/ble_thread/tl/shci_tl.o
                0x080031b8                shci_send
 .text.TlCmdEvtReceived
                0x08003234        0xa ./Middlewares/STM32_WPAN/interface/patterns/ble_thread/tl/shci_tl.o
 *fill*         0x0800323e        0x2 
 .text.shci_register_io_bus
                0x08003240       0x14 ./Middlewares/STM32_WPAN/interface/patterns/ble_thread/tl/shci_tl_if.o
                0x08003240                shci_register_io_bus
 .text.SendFreeBuf
                0x08003254       0x30 ./Middlewares/STM32_WPAN/interface/patterns/ble_thread/tl/tl_mbox.o
 .text.TL_Enable
                0x08003284        0x4 ./Middlewares/STM32_WPAN/interface/patterns/ble_thread/tl/tl_mbox.o
                0x08003284                TL_Enable
 .text.TL_Init  0x08003288       0x5c ./Middlewares/STM32_WPAN/interface/patterns/ble_thread/tl/tl_mbox.o
                0x08003288                TL_Init
 .text.TL_BLE_Init
                0x080032e4       0x48 ./Middlewares/STM32_WPAN/interface/patterns/ble_thread/tl/tl_mbox.o
                0x080032e4                TL_BLE_Init
 .text.TL_BLE_SendCmd
                0x0800332c       0x1c ./Middlewares/STM32_WPAN/interface/patterns/ble_thread/tl/tl_mbox.o
                0x0800332c                TL_BLE_SendCmd
 .text.HW_IPCC_BLE_RxEvtNot
                0x08003348       0x2c ./Middlewares/STM32_WPAN/interface/patterns/ble_thread/tl/tl_mbox.o
                0x08003348                HW_IPCC_BLE_RxEvtNot
 .text.HW_IPCC_BLE_AclDataAckNot
                0x08003374        0xc ./Middlewares/STM32_WPAN/interface/patterns/ble_thread/tl/tl_mbox.o
                0x08003374                HW_IPCC_BLE_AclDataAckNot
 .text.TL_SYS_Init
                0x08003380       0x3c ./Middlewares/STM32_WPAN/interface/patterns/ble_thread/tl/tl_mbox.o
                0x08003380                TL_SYS_Init
 .text.TL_SYS_SendCmd
                0x080033bc       0x1c ./Middlewares/STM32_WPAN/interface/patterns/ble_thread/tl/tl_mbox.o
                0x080033bc                TL_SYS_SendCmd
 .text.HW_IPCC_SYS_CmdEvtNot
                0x080033d8       0x18 ./Middlewares/STM32_WPAN/interface/patterns/ble_thread/tl/tl_mbox.o
                0x080033d8                HW_IPCC_SYS_CmdEvtNot
 .text.HW_IPCC_SYS_EvtNot
                0x080033f0       0x2c ./Middlewares/STM32_WPAN/interface/patterns/ble_thread/tl/tl_mbox.o
                0x080033f0                HW_IPCC_SYS_EvtNot
 .text.TL_MM_Init
                0x0800341c       0x40 ./Middlewares/STM32_WPAN/interface/patterns/ble_thread/tl/tl_mbox.o
                0x0800341c                TL_MM_Init
 .text.TL_MM_EvtDone
                0x0800345c       0x1c ./Middlewares/STM32_WPAN/interface/patterns/ble_thread/tl/tl_mbox.o
                0x0800345c                TL_MM_EvtDone
 .text.TL_TRACES_Init
                0x08003478       0x20 ./Middlewares/STM32_WPAN/interface/patterns/ble_thread/tl/tl_mbox.o
                0x08003478                TL_TRACES_Init
 .text.TL_TRACES_EvtReceived
                0x08003498        0x2 ./Middlewares/STM32_WPAN/interface/patterns/ble_thread/tl/tl_mbox.o
                0x08003498                TL_TRACES_EvtReceived
 *fill*         0x0800349a        0x2 
 .text.HW_IPCC_TRACES_EvtNot
                0x0800349c       0x24 ./Middlewares/STM32_WPAN/interface/patterns/ble_thread/tl/tl_mbox.o
                0x0800349c                HW_IPCC_TRACES_EvtNot
 .text.OTP_Read
                0x080034c0       0x20 ./Middlewares/STM32_WPAN/utilities/otp.o
                0x080034c0                OTP_Read
 .text.LST_init_head
                0x080034e0        0x6 ./Middlewares/STM32_WPAN/utilities/stm_list.o
                0x080034e0                LST_init_head
 .text.LST_is_empty
                0x080034e6       0x14 ./Middlewares/STM32_WPAN/utilities/stm_list.o
                0x080034e6                LST_is_empty
 .text.LST_insert_head
                0x080034fa       0x18 ./Middlewares/STM32_WPAN/utilities/stm_list.o
                0x080034fa                LST_insert_head
 .text.LST_insert_tail
                0x08003512       0x18 ./Middlewares/STM32_WPAN/utilities/stm_list.o
                0x08003512                LST_insert_tail
 .text.LST_remove_node
                0x0800352a       0x16 ./Middlewares/STM32_WPAN/utilities/stm_list.o
                0x0800352a                LST_remove_node
 .text.LST_remove_head
                0x08003540       0x18 ./Middlewares/STM32_WPAN/utilities/stm_list.o
                0x08003540                LST_remove_head
 .text.UTIL_LPM_Init
                0x08003558       0x14 ./Utilities/stm32_lpm.o
                0x08003558                UTIL_LPM_Init
 .text.UTIL_LPM_SetOffMode
                0x0800356c       0x2c ./Utilities/stm32_lpm.o
                0x0800356c                UTIL_LPM_SetOffMode
 .text.UTIL_LPM_EnterLowPower
                0x08003598       0x40 ./Utilities/stm32_lpm.o
                0x08003598                UTIL_LPM_EnterLowPower
 .text.UTIL_SEQ_SetTask
                0x080035d8       0x2c ./Utilities/stm32_seq.o
                0x080035d8                UTIL_SEQ_SetTask
 .text.UTIL_SEQ_PauseTask
                0x08003604       0x1c ./Utilities/stm32_seq.o
                0x08003604                UTIL_SEQ_PauseTask
 .text.UTIL_SEQ_ResumeTask
                0x08003620       0x18 ./Utilities/stm32_seq.o
                0x08003620                UTIL_SEQ_ResumeTask
 .text.UTIL_SEQ_SetEvt
                0x08003638       0x18 ./Utilities/stm32_seq.o
                0x08003638                UTIL_SEQ_SetEvt
 .text.UTIL_SEQ_PreIdle
                0x08003650        0x2 ./Utilities/stm32_seq.o
                0x08003650                UTIL_SEQ_PreIdle
 .text.UTIL_SEQ_PostIdle
                0x08003652        0x2 ./Utilities/stm32_seq.o
                0x08003652                UTIL_SEQ_PostIdle
 .text.SEQ_BitPosition
                0x08003654       0x40 ./Utilities/stm32_seq.o
                0x08003654                SEQ_BitPosition
 .text.UTIL_SEQ_Run
                0x08003694      0x124 ./Utilities/stm32_seq.o
                0x08003694                UTIL_SEQ_Run
 .text.UTIL_SEQ_WaitEvt
                0x080037b8       0x64 ./Utilities/stm32_seq.o
                0x080037b8                UTIL_SEQ_WaitEvt
 .text.UTIL_SEQ_RegTask
                0x0800381c       0x20 ./Utilities/stm32_seq.o
                0x0800381c                UTIL_SEQ_RegTask
 .text.memset   0x0800383c       0x10 C:/ST/STM32CubeIDE_1.16.0/STM32CubeIDE/plugins/com.st.stm32cube.ide.mcu.externaltools.gnu-tools-for-stm32.13.3.rel1.win32_1.0.0.202411081344/tools/bin/../lib/gcc/arm-none-eabi/13.3.1/../../../../arm-none-eabi/lib/thumb/v7e-m+fp/hard\libc_nano.a(libc_a-memset.o)
                0x0800383c                memset
 .text.__libc_init_array
                0x0800384c       0x48 C:/ST/STM32CubeIDE_1.16.0/STM32CubeIDE/plugins/com.st.stm32cube.ide.mcu.externaltools.gnu-tools-for-stm32.13.3.rel1.win32_1.0.0.202411081344/tools/bin/../lib/gcc/arm-none-eabi/13.3.1/../../../../arm-none-eabi/lib/thumb/v7e-m+fp/hard\libc_nano.a(libc_a-init.o)
                0x0800384c                __libc_init_array
 .text.memcpy   0x08003894       0x1c C:/ST/STM32CubeIDE_1.16.0/STM32CubeIDE/plugins/com.st.stm32cube.ide.mcu.externaltools.gnu-tools-for-stm32.13.3.rel1.win32_1.0.0.202411081344/tools/bin/../lib/gcc/arm-none-eabi/13.3.1/../../../../arm-none-eabi/lib/thumb/v7e-m+fp/hard\libc_nano.a(libc_a-memcpy-stub.o)
                0x08003894                memcpy
 *(.glue_7)
 .glue_7        0x080038b0        0x0 linker stubs
 *(.glue_7t)
 .glue_7t       0x080038b0        0x0 linker stubs
 *(.eh_frame)
 .eh_frame      0x080038b0        0x0 C:/ST/STM32CubeIDE_1.16.0/STM32CubeIDE/plugins/com.st.stm32cube.ide.mcu.externaltools.gnu-tools-for-stm32.13.3.rel1.win32_1.0.0.202411081344/tools/bin/../lib/gcc/arm-none-eabi/13.3.1/thumb/v7e-m+fp/hard/crtbegin.o
 *(.init)
 .init          0x080038b0        0x4 C:/ST/STM32CubeIDE_1.16.0/STM32CubeIDE/plugins/com.st.stm32cube.ide.mcu.externaltools.gnu-tools-for-stm32.13.3.rel1.win32_1.0.0.202411081344/tools/bin/../lib/gcc/arm-none-eabi/13.3.1/thumb/v7e-m+fp/hard/crti.o
                0x080038b0                _init
 .init          0x080038b4        0x8 C:/ST/STM32CubeIDE_1.16.0/STM32CubeIDE/plugins/com.st.stm32cube.ide.mcu.externaltools.gnu-tools-for-stm32.13.3.rel1.win32_1.0.0.202411081344/tools/bin/../lib/gcc/arm-none-eabi/13.3.1/thumb/v7e-m+fp/hard/crtn.o
 *(.fini)
 .fini          0x080038bc        0x4 C:/ST/STM32CubeIDE_1.16.0/STM32CubeIDE/plugins/com.st.stm32cube.ide.mcu.externaltools.gnu-tools-for-stm32.13.3.rel1.win32_1.0.0.202411081344/tools/bin/../lib/gcc/arm-none-eabi/13.3.1/thumb/v7e-m+fp/hard/crti.o
                0x080038bc                _fini
 .fini          0x080038c0        0x8 C:/ST/STM32CubeIDE_1.16.0/STM32CubeIDE/plugins/com.st.stm32cube.ide.mcu.externaltools.gnu-tools-for-stm32.13.3.rel1.win32_1.0.0.202411081344/tools/bin/../lib/gcc/arm-none-eabi/13.3.1/thumb/v7e-m+fp/hard/crtn.o
                0x080038c8                        . = ALIGN (0x4)
                0x080038c8                        _etext = .

.vfp11_veneer   0x080038c8        0x0
 .vfp11_veneer  0x080038c8        0x0 linker stubs

.v4_bx          0x080038c8        0x0
 .v4_bx         0x080038c8        0x0 linker stubs

.iplt           0x080038c8        0x0
 .iplt          0x080038c8        0x0 C:/ST/STM32CubeIDE_1.16.0/STM32CubeIDE/plugins/com.st.stm32cube.ide.mcu.externaltools.gnu-tools-for-stm32.13.3.rel1.win32_1.0.0.202411081344/tools/bin/../lib/gcc/arm-none-eabi/13.3.1/thumb/v7e-m+fp/hard/crtbegin.o

.RamFunc        0x080038c8       0x30
 .RamFunc       0x080038c8       0x30 ./Drivers/STM32WBxx_HAL_Driver/stm32wbxx_hal_flash.o

.rodata         0x080038f8      0x2b8
                0x080038f8                        . = ALIGN (0x4)
 *(.rodata)
 .rodata        0x080038f8       0x1b ./Application/Core/app_debug.o
 .rodata        0x08003913       0x3a ./Application/STM32_WPAN/app/app_ble.o
 *(.rodata*)
 .rodata.aGpioConfigList
                0x0800394d      0x130 ./Application/Core/app_debug.o
 *fill*         0x08003a7d        0x3 
 .rodata.UTIL_PowerDriver
                0x08003a80       0x18 ./Application/Core/stm32_lpm_if.o
                0x08003a80                UTIL_PowerDriver
 .rodata.APP_BLE_Init.str1.1
                0x08003a98        0x8 ./Application/STM32_WPAN/app/app_ble.o
 .rodata.a_LocalName
                0x08003aa0        0x8 ./Application/STM32_WPAN/app/app_ble.o
 .rodata.a_BLE_CfgErValue
                0x08003aa8       0x10 ./Application/STM32_WPAN/app/app_ble.o
 .rodata.a_BLE_CfgIrValue
                0x08003ab8       0x10 ./Application/STM32_WPAN/app/app_ble.o
 .rodata.a_MBdAddr
                0x08003ac8        0x6 ./Application/STM32_WPAN/app/app_ble.o
 .rodata.BUTTON_IRQn
                0x08003ace        0x3 ./Drivers/BSP/P-NUCLEO-WB55.Nucleo/stm32wbxx_nucleo.o
                0x08003ace                BUTTON_IRQn
 *fill*         0x08003ad1        0x1 
 .rodata.BUTTON_PIN
                0x08003ad2        0x6 ./Drivers/BSP/P-NUCLEO-WB55.Nucleo/stm32wbxx_nucleo.o
                0x08003ad2                BUTTON_PIN
 .rodata.GPIO_PIN
                0x08003ad8        0x6 ./Drivers/BSP/P-NUCLEO-WB55.Nucleo/stm32wbxx_nucleo.o
                0x08003ad8                GPIO_PIN
 *fill*         0x08003ade        0x2 
 .rodata.MSIRangeTable
                0x08003ae0       0x40 ./Drivers/CMSIS/system_stm32wbxx.o
                0x08003ae0                MSIRangeTable
 .rodata.AHBPrescTable
                0x08003b20       0x40 ./Drivers/CMSIS/system_stm32wbxx.o
                0x08003b20                AHBPrescTable
 .rodata.OTA_RAW_DATA_CHAR_UUID
                0x08003b60       0x10 ./Middlewares/STM32_WPAN/ble/blesvc/otas_stm.o
                0x08003b60                OTA_RAW_DATA_CHAR_UUID
 .rodata.OTA_CONF_CHAR_UUID
                0x08003b70       0x10 ./Middlewares/STM32_WPAN/ble/blesvc/otas_stm.o
                0x08003b70                OTA_CONF_CHAR_UUID
 .rodata.OTA_BASE_ADR_CHAR_UUID
                0x08003b80       0x10 ./Middlewares/STM32_WPAN/ble/blesvc/otas_stm.o
                0x08003b80                OTA_BASE_ADR_CHAR_UUID
 .rodata.OTAS_SVC_UUID
                0x08003b90       0x10 ./Middlewares/STM32_WPAN/ble/blesvc/otas_stm.o
                0x08003b90                OTAS_SVC_UUID
 .rodata.SEQ_clz_table_4bit
                0x08003ba0       0x10 ./Utilities/stm32_seq.o
                0x08003ba0                SEQ_clz_table_4bit
                0x08003bb0                        . = ALIGN (0x4)

.ARM.extab
 *(.ARM.extab* .gnu.linkonce.armextab.*)

.ARM            0x08003bb0        0x0
                0x08003bb0                        __exidx_start = .
 *(.ARM.exidx*)
                0x08003bb0                        __exidx_end = .

.preinit_array  0x08003bb0        0x0
                0x08003bb0                        PROVIDE (__preinit_array_start = .)
 *(.preinit_array*)
                0x08003bb0                        PROVIDE (__preinit_array_end = .)

.init_array     0x08003bb0        0x4
                0x08003bb0                        PROVIDE (__init_array_start = .)
 *(SORT_BY_NAME(.init_array.*))
 *(.init_array*)
 .init_array    0x08003bb0        0x4 C:/ST/STM32CubeIDE_1.16.0/STM32CubeIDE/plugins/com.st.stm32cube.ide.mcu.externaltools.gnu-tools-for-stm32.13.3.rel1.win32_1.0.0.202411081344/tools/bin/../lib/gcc/arm-none-eabi/13.3.1/thumb/v7e-m+fp/hard/crtbegin.o
                0x08003bb4                        PROVIDE (__init_array_end = .)

.fini_array     0x08003bb4        0x4
                [!provide]                        PROVIDE (__fini_array_start = .)
 *(SORT_BY_NAME(.fini_array.*))
 *(.fini_array*)
 .fini_array    0x08003bb4        0x4 C:/ST/STM32CubeIDE_1.16.0/STM32CubeIDE/plugins/com.st.stm32cube.ide.mcu.externaltools.gnu-tools-for-stm32.13.3.rel1.win32_1.0.0.202411081344/tools/bin/../lib/gcc/arm-none-eabi/13.3.1/thumb/v7e-m+fp/hard/crtbegin.o
                [!provide]                        PROVIDE (__fini_array_end = .)
                0x08003bb8                        _sidata = LOADADDR (.data)

.rel.dyn        0x08003bb8        0x0
 .rel.iplt      0x08003bb8        0x0 C:/ST/STM32CubeIDE_1.16.0/STM32CubeIDE/plugins/com.st.stm32cube.ide.mcu.externaltools.gnu-tools-for-stm32.13.3.rel1.win32_1.0.0.202411081344/tools/bin/../lib/gcc/arm-none-eabi/13.3.1/thumb/v7e-m+fp/hard/crtbegin.o

.data           0x20000008       0x3c load address 0x08003bb8
                0x20000008                        . = ALIGN (0x4)
                0x20000008                        _sdata = .
 *(.data)
 *(.data*)
 .data.a_ManufData
                0x20000008        0xe ./Application/STM32_WPAN/app/app_ble.o
                0x20000008                a_ManufData
 *fill*         0x20000016        0x2 
 .data.BUTTON_PORT
                0x20000018        0xc ./Drivers/BSP/P-NUCLEO-WB55.Nucleo/stm32wbxx_nucleo.o
                0x20000018                BUTTON_PORT
 .data.GPIO_PORT
                0x20000024        0xc ./Drivers/BSP/P-NUCLEO-WB55.Nucleo/stm32wbxx_nucleo.o
                0x20000024                GPIO_PORT
 .data.SystemCoreClock
                0x20000030        0x4 ./Drivers/CMSIS/system_stm32wbxx.o
                0x20000030                SystemCoreClock
 .data.uwTickFreq
                0x20000034        0x1 ./Drivers/STM32WBxx_HAL_Driver/stm32wbxx_hal.o
                0x20000034                uwTickFreq
 *fill*         0x20000035        0x3 
 .data.uwTickPrio
                0x20000038        0x4 ./Drivers/STM32WBxx_HAL_Driver/stm32wbxx_hal.o
                0x20000038                uwTickPrio
 .data.SuperMask
                0x2000003c        0x4 ./Utilities/stm32_seq.o
 .data.TaskMask
                0x20000040        0x4 ./Utilities/stm32_seq.o
                0x20000044                        . = ALIGN (0x4)
                0x20000044                        _edata = .

.igot.plt       0x20000044        0x0 load address 0x08003bf4
 .igot.plt      0x20000044        0x0 C:/ST/STM32CubeIDE_1.16.0/STM32CubeIDE/plugins/com.st.stm32cube.ide.mcu.externaltools.gnu-tools-for-stm32.13.3.rel1.win32_1.0.0.202411081344/tools/bin/../lib/gcc/arm-none-eabi/13.3.1/thumb/v7e-m+fp/hard/crtbegin.o

TIMERSERVER_CONTEXT
                0x20000044       0x9c load address 0x08003bf4
 TIMERSERVER_CONTEXT
                0x20000044       0x9c ./Application/Core/hw_timerserver.o

BLE_DRIVER_CONTEXT
                0x200000e0       0x41 load address 0x08003c90
 BLE_DRIVER_CONTEXT
                0x200000e0        0xa ./Middlewares/STM32_WPAN/ble/blesvc/otas_stm.o
 *fill*         0x200000ea        0x2 
 BLE_DRIVER_CONTEXT
                0x200000ec       0x24 ./Middlewares/STM32_WPAN/ble/blesvc/svc_ctl.o
                0x200000ec                SVCCTL_CltHandler
                0x200000f0                SVCCTL_EvtHandler
 BLE_DRIVER_CONTEXT
                0x20000110       0x11 ./Middlewares/STM32_WPAN/interface/patterns/ble_thread/tl/hci_tl.o
                0x20000110                UserEventFlow

SYSTEM_DRIVER_CONTEXT
                0x20000124       0x11 load address 0x08003cd1
 SYSTEM_DRIVER_CONTEXT
                0x20000124       0x11 ./Middlewares/STM32_WPAN/interface/patterns/ble_thread/tl/shci_tl.o
                0x20000124                SHCI_TL_UserEventFlow
                0x20000138                        . = ALIGN (0x4)

.bss            0x20000138      0x240 load address 0x08003ce2
                0x20000138                        _sbss = .
                0x20000138                        __bss_start__ = _sbss
 *(.bss)
 .bss           0x20000138       0x1c C:/ST/STM32CubeIDE_1.16.0/STM32CubeIDE/plugins/com.st.stm32cube.ide.mcu.externaltools.gnu-tools-for-stm32.13.3.rel1.win32_1.0.0.202411081344/tools/bin/../lib/gcc/arm-none-eabi/13.3.1/thumb/v7e-m+fp/hard/crtbegin.o
 *(.bss*)
 .bss.MaxWakeupTimerSetup
                0x20000154        0x2 ./Application/Core/hw_timerserver.o
 .bss.SynchPrescalerUserConfig
                0x20000156        0x2 ./Application/Core/hw_timerserver.o
 .bss.AsynchPrescalerUserConfig
                0x20000158        0x1 ./Application/Core/hw_timerserver.o
 .bss.WakeupTimerDivider
                0x20000159        0x1 ./Application/Core/hw_timerserver.o
 *fill*         0x2000015a        0x2 
 .bss.phrtc     0x2000015c        0x4 ./Application/Core/hw_timerserver.o
 .bss.HW_huart1TxCb
                0x20000160        0x4 ./Application/Core/hw_uart.o
                0x20000160                HW_huart1TxCb
 .bss.huart1    0x20000164       0x94 ./Application/Core/hw_uart.o
                0x20000164                huart1
 .bss.hrtc      0x200001f8       0x24 ./Application/Core/main.o
                0x200001f8                hrtc
 .bss.connectionHandle
                0x2000021c        0x2 ./Application/STM32_WPAN/app/app_ble.o
 .bss.a_BdAddrUdn
                0x2000021e        0x6 ./Application/STM32_WPAN/app/app_ble.o
 *fill*         0x20000224        0x4 
 .bss.OTAS_APP_Context
                0x20000228       0x18 ./Application/STM32_WPAN/app/otas_app.o
                0x20000228                OTAS_APP_Context
 .bss.FreeBufCb
                0x20000240        0x4 ./Application/STM32_WPAN/target/hw_ipcc.o
 .bss.uwTick    0x20000244        0x4 ./Drivers/STM32WBxx_HAL_Driver/stm32wbxx_hal.o
                0x20000244                uwTick
 .bss.pFlash    0x20000248       0x18 ./Drivers/STM32WBxx_HAL_Driver/stm32wbxx_hal_flash.o
                0x20000248                pFlash
 .bss.CmdRspStatusFlag
                0x20000260        0x1 ./Middlewares/STM32_WPAN/interface/patterns/ble_thread/tl/hci_tl.o
 *fill*         0x20000261        0x3 
 .bss.StatusNotCallBackFunction
                0x20000264        0x4 ./Middlewares/STM32_WPAN/interface/patterns/ble_thread/tl/hci_tl.o
 .bss.HciCmdEventQueue
                0x20000268        0x8 ./Middlewares/STM32_WPAN/interface/patterns/ble_thread/tl/hci_tl.o
 .bss.hciContext
                0x20000270       0x20 ./Middlewares/STM32_WPAN/interface/patterns/ble_thread/tl/hci_tl.o
 .bss.CmdRspStatusFlag
                0x20000290        0x1 ./Middlewares/STM32_WPAN/interface/patterns/ble_thread/tl/shci_tl.o
 *fill*         0x20000291        0x3 
 .bss.StatusNotCallBackFunction
                0x20000294        0x4 ./Middlewares/STM32_WPAN/interface/patterns/ble_thread/tl/shci_tl.o
 .bss.shciContext
                0x20000298       0x20 ./Middlewares/STM32_WPAN/interface/patterns/ble_thread/tl/shci_tl.o
 .bss.SYS_EVT_IoBusCallBackFunction
                0x200002b8        0x4 ./Middlewares/STM32_WPAN/interface/patterns/ble_thread/tl/tl_mbox.o
 .bss.SYS_CMD_IoBusCallBackFunction
                0x200002bc        0x4 ./Middlewares/STM32_WPAN/interface/patterns/ble_thread/tl/tl_mbox.o
 .bss.BLE_IoBusAclDataTxAck
                0x200002c0        0x4 ./Middlewares/STM32_WPAN/interface/patterns/ble_thread/tl/tl_mbox.o
 .bss.BLE_IoBusEvtCallBackFunction
                0x200002c4        0x4 ./Middlewares/STM32_WPAN/interface/patterns/ble_thread/tl/tl_mbox.o
 .bss.LocalFreeBufQueue
                0x200002c8        0x8 ./Middlewares/STM32_WPAN/interface/patterns/ble_thread/tl/tl_mbox.o
 .bss.OffModeDisable
                0x200002d0        0x4 ./Utilities/stm32_lpm.o
 .bss.StopModeDisable
                0x200002d4        0x4 ./Utilities/stm32_lpm.o
 .bss.TaskPrio  0x200002d8       0x10 ./Utilities/stm32_seq.o
 .bss.TaskCb    0x200002e8       0x80 ./Utilities/stm32_seq.o
 .bss.CurrentTaskIdx
                0x20000368        0x4 ./Utilities/stm32_seq.o
 .bss.EvtWaited
                0x2000036c        0x4 ./Utilities/stm32_seq.o
 .bss.EvtSet    0x20000370        0x4 ./Utilities/stm32_seq.o
 .bss.TaskSet   0x20000374        0x4 ./Utilities/stm32_seq.o
 *(COMMON)
                0x20000378                        . = ALIGN (0x4)
                0x20000378                        _ebss = .
                0x20000378                        __bss_end__ = _ebss

._user_heap_stack
                0x20000378     0x1400 load address 0x08003ce2
                0x20000378                        . = ALIGN (0x8)
                [!provide]                        PROVIDE (end = .)
                0x20000378                        PROVIDE (_end = .)
                0x20000778                        . = (. + _Min_Heap_Size)
 *fill*         0x20000378      0x400 
                0x20001778                        . = (. + _Min_Stack_Size)
 *fill*         0x20000778     0x1000 
                0x20001778                        . = ALIGN (0x8)

/DISCARD/
 libc.a(*)
 libm.a(*)
 libgcc.a(*)

.ARM.attributes
                0x00000000       0x30
 *(.ARM.attributes)
 .ARM.attributes
                0x00000000       0x22 C:/ST/STM32CubeIDE_1.16.0/STM32CubeIDE/plugins/com.st.stm32cube.ide.mcu.externaltools.gnu-tools-for-stm32.13.3.rel1.win32_1.0.0.202411081344/tools/bin/../lib/gcc/arm-none-eabi/13.3.1/thumb/v7e-m+fp/hard/crti.o
 .ARM.attributes
                0x00000022       0x34 C:/ST/STM32CubeIDE_1.16.0/STM32CubeIDE/plugins/com.st.stm32cube.ide.mcu.externaltools.gnu-tools-for-stm32.13.3.rel1.win32_1.0.0.202411081344/tools/bin/../lib/gcc/arm-none-eabi/13.3.1/thumb/v7e-m+fp/hard/crtbegin.o
 .ARM.attributes
                0x00000056       0x34 ./Application/Core/app_debug.o
 .ARM.attributes
                0x0000008a       0x34 ./Application/Core/app_entry.o
 .ARM.attributes
                0x000000be       0x34 ./Application/Core/flash_driver.o
 .ARM.attributes
                0x000000f2       0x34 ./Application/Core/hw_timerserver.o
 .ARM.attributes
                0x00000126       0x34 ./Application/Core/hw_uart.o
 .ARM.attributes
                0x0000015a       0x34 ./Application/Core/main.o
 .ARM.attributes
                0x0000018e       0x34 ./Application/Core/stm32_lpm_if.o
 .ARM.attributes
                0x000001c2       0x34 ./Application/Core/stm32wbxx_it.o
 .ARM.attributes
                0x000001f6       0x34 ./Application/STM32_WPAN/app/app_ble.o
 .ARM.attributes
                0x0000022a       0x34 ./Application/STM32_WPAN/app/otas_app.o
 .ARM.attributes
                0x0000025e       0x34 ./Application/STM32_WPAN/target/hw_ipcc.o
 .ARM.attributes
                0x00000292       0x21 ./Application/Startup/startup_stm32wb55rgvx.o
 .ARM.attributes
                0x000002b3       0x34 ./Drivers/BSP/P-NUCLEO-WB55.Nucleo/stm32wbxx_nucleo.o
 .ARM.attributes
                0x000002e7       0x34 ./Drivers/CMSIS/system_stm32wbxx.o
 .ARM.attributes
                0x0000031b       0x34 ./Drivers/STM32WBxx_HAL_Driver/stm32wbxx_hal.o
 .ARM.attributes
                0x0000034f       0x34 ./Drivers/STM32WBxx_HAL_Driver/stm32wbxx_hal_cortex.o
 .ARM.attributes
                0x00000383       0x34 ./Drivers/STM32WBxx_HAL_Driver/stm32wbxx_hal_dma.o
 .ARM.attributes
                0x000003b7       0x34 ./Drivers/STM32WBxx_HAL_Driver/stm32wbxx_hal_flash.o
 .ARM.attributes
                0x000003eb       0x34 ./Drivers/STM32WBxx_HAL_Driver/stm32wbxx_hal_flash_ex.o
 .ARM.attributes
                0x0000041f       0x34 ./Drivers/STM32WBxx_HAL_Driver/stm32wbxx_hal_gpio.o
 .ARM.attributes
                0x00000453       0x34 ./Drivers/STM32WBxx_HAL_Driver/stm32wbxx_hal_pwr.o
 .ARM.attributes
                0x00000487       0x34 ./Drivers/STM32WBxx_HAL_Driver/stm32wbxx_hal_pwr_ex.o
 .ARM.attributes
                0x000004bb       0x34 ./Drivers/STM32WBxx_HAL_Driver/stm32wbxx_hal_rcc.o
 .ARM.attributes
                0x000004ef       0x34 ./Drivers/STM32WBxx_HAL_Driver/stm32wbxx_hal_rtc.o
 .ARM.attributes
                0x00000523       0x34 ./Drivers/STM32WBxx_HAL_Driver/stm32wbxx_hal_uart.o
 .ARM.attributes
                0x00000557       0x34 ./Drivers/STM32WBxx_HAL_Driver/stm32wbxx_hal_uart_ex.o
 .ARM.attributes
                0x0000058b       0x34 ./Middlewares/STM32_WPAN/ble/blesvc/otas_stm.o
 .ARM.attributes
                0x000005bf       0x34 ./Middlewares/STM32_WPAN/ble/blesvc/svc_ctl.o
 .ARM.attributes
                0x000005f3       0x34 ./Middlewares/STM32_WPAN/ble/core/ble_gap_aci.o
 .ARM.attributes
                0x00000627       0x34 ./Middlewares/STM32_WPAN/ble/core/ble_gatt_aci.o
 .ARM.attributes
                0x0000065b       0x34 ./Middlewares/STM32_WPAN/ble/core/ble_hal_aci.o
 .ARM.attributes
                0x0000068f       0x34 ./Middlewares/STM32_WPAN/ble/core/ble_hci_le.o
 .ARM.attributes
                0x000006c3       0x34 ./Middlewares/STM32_WPAN/ble/core/osal.o
 .ARM.attributes
                0x000006f7       0x34 ./Middlewares/STM32_WPAN/interface/patterns/ble_thread/shci/shci.o
 .ARM.attributes
                0x0000072b       0x34 ./Middlewares/STM32_WPAN/interface/patterns/ble_thread/tl/hci_tl.o
 .ARM.attributes
                0x0000075f       0x34 ./Middlewares/STM32_WPAN/interface/patterns/ble_thread/tl/hci_tl_if.o
 .ARM.attributes
                0x00000793       0x34 ./Middlewares/STM32_WPAN/interface/patterns/ble_thread/tl/shci_tl.o
 .ARM.attributes
                0x000007c7       0x34 ./Middlewares/STM32_WPAN/interface/patterns/ble_thread/tl/shci_tl_if.o
 .ARM.attributes
                0x000007fb       0x34 ./Middlewares/STM32_WPAN/interface/patterns/ble_thread/tl/tl_mbox.o
 .ARM.attributes
                0x0000082f       0x34 ./Middlewares/STM32_WPAN/utilities/otp.o
 .ARM.attributes
                0x00000863       0x34 ./Middlewares/STM32_WPAN/utilities/stm_list.o
 .ARM.attributes
                0x00000897       0x34 ./Utilities/stm32_lpm.o
 .ARM.attributes
                0x000008cb       0x34 ./Utilities/stm32_seq.o
 .ARM.attributes
                0x000008ff       0x34 C:/ST/STM32CubeIDE_1.16.0/STM32CubeIDE/plugins/com.st.stm32cube.ide.mcu.externaltools.gnu-tools-for-stm32.13.3.rel1.win32_1.0.0.202411081344/tools/bin/../lib/gcc/arm-none-eabi/13.3.1/../../../../arm-none-eabi/lib/thumb/v7e-m+fp/hard\libc_nano.a(libc_a-memset.o)
 .ARM.attributes
                0x00000933       0x34 C:/ST/STM32CubeIDE_1.16.0/STM32CubeIDE/plugins/com.st.stm32cube.ide.mcu.externaltools.gnu-tools-for-stm32.13.3.rel1.win32_1.0.0.202411081344/tools/bin/../lib/gcc/arm-none-eabi/13.3.1/../../../../arm-none-eabi/lib/thumb/v7e-m+fp/hard\libc_nano.a(libc_a-init.o)
 .ARM.attributes
                0x00000967       0x34 C:/ST/STM32CubeIDE_1.16.0/STM32CubeIDE/plugins/com.st.stm32cube.ide.mcu.externaltools.gnu-tools-for-stm32.13.3.rel1.win32_1.0.0.202411081344/tools/bin/../lib/gcc/arm-none-eabi/13.3.1/../../../../arm-none-eabi/lib/thumb/v7e-m+fp/hard\libc_nano.a(libc_a-memcpy-stub.o)
 .ARM.attributes
                0x0000099b       0x22 C:/ST/STM32CubeIDE_1.16.0/STM32CubeIDE/plugins/com.st.stm32cube.ide.mcu.externaltools.gnu-tools-for-stm32.13.3.rel1.win32_1.0.0.202411081344/tools/bin/../lib/gcc/arm-none-eabi/13.3.1/thumb/v7e-m+fp/hard/crtn.o

MAPPING_TABLE   0x20030000       0x28
 *(MAPPING_TABLE)
 MAPPING_TABLE  0x20030000       0x28 ./Middlewares/STM32_WPAN/interface/patterns/ble_thread/tl/tl_mbox.o

MB_MEM1         0x20030028      0x1bc
 *(MB_MEM1)
 MB_MEM1        0x20030028      0x10b ./Application/STM32_WPAN/app/app_ble.o
 *fill*         0x20030133        0x1 
 MB_MEM1        0x20030134       0xb0 ./Middlewares/STM32_WPAN/interface/patterns/ble_thread/tl/tl_mbox.o

MB_MEM2         0x200301e4      0x883
                0x200301e4                        _sMB_MEM2 = .
 *(MB_MEM2)
 MB_MEM2        0x200301e4       0x14 ./Application/Core/app_debug.o
 MB_MEM2        0x200301f8      0x860 ./Application/Core/app_entry.o
 MB_MEM2        0x20030a58        0xf ./Middlewares/STM32_WPAN/interface/patterns/ble_thread/tl/tl_mbox.o
                0x20030a67                        _eMB_MEM2 = .
OUTPUT(BLE_Ota.elf elf32-littlearm)
LOAD linker stubs
LOAD C:/ST/STM32CubeIDE_1.16.0/STM32CubeIDE/plugins/com.st.stm32cube.ide.mcu.externaltools.gnu-tools-for-stm32.13.3.rel1.win32_1.0.0.202411081344/tools/bin/../lib/gcc/arm-none-eabi/13.3.1/../../../../arm-none-eabi/lib/thumb/v7e-m+fp/hard\libc.a
LOAD C:/ST/STM32CubeIDE_1.16.0/STM32CubeIDE/plugins/com.st.stm32cube.ide.mcu.externaltools.gnu-tools-for-stm32.13.3.rel1.win32_1.0.0.202411081344/tools/bin/../lib/gcc/arm-none-eabi/13.3.1/../../../../arm-none-eabi/lib/thumb/v7e-m+fp/hard\libm.a
LOAD C:/ST/STM32CubeIDE_1.16.0/STM32CubeIDE/plugins/com.st.stm32cube.ide.mcu.externaltools.gnu-tools-for-stm32.13.3.rel1.win32_1.0.0.202411081344/tools/bin/../lib/gcc/arm-none-eabi/13.3.1/thumb/v7e-m+fp/hard\libgcc.a

.comment        0x00000000       0x43
 .comment       0x00000000       0x43 ./Application/Core/app_debug.o
                                 0x44 (size before relaxing)
 .comment       0x00000043       0x44 ./Application/Core/app_entry.o
 .comment       0x00000043       0x44 ./Application/Core/flash_driver.o
 .comment       0x00000043       0x44 ./Application/Core/hw_timerserver.o
 .comment       0x00000043       0x44 ./Application/Core/hw_uart.o
 .comment       0x00000043       0x44 ./Application/Core/main.o
 .comment       0x00000043       0x44 ./Application/Core/stm32_lpm_if.o
 .comment       0x00000043       0x44 ./Application/Core/stm32wbxx_it.o
 .comment       0x00000043       0x44 ./Application/STM32_WPAN/app/app_ble.o
 .comment       0x00000043       0x44 ./Application/STM32_WPAN/app/otas_app.o
 .comment       0x00000043       0x44 ./Application/STM32_WPAN/target/hw_ipcc.o
 .comment       0x00000043       0x44 ./Drivers/BSP/P-NUCLEO-WB55.Nucleo/stm32wbxx_nucleo.o
 .comment       0x00000043       0x44 ./Drivers/CMSIS/system_stm32wbxx.o
 .comment       0x00000043       0x44 ./Drivers/STM32WBxx_HAL_Driver/stm32wbxx_hal.o
 .comment       0x00000043       0x44 ./Drivers/STM32WBxx_HAL_Driver/stm32wbxx_hal_cortex.o
 .comment       0x00000043       0x44 ./Drivers/STM32WBxx_HAL_Driver/stm32wbxx_hal_dma.o
 .comment       0x00000043       0x44 ./Drivers/STM32WBxx_HAL_Driver/stm32wbxx_hal_flash.o
 .comment       0x00000043       0x44 ./Drivers/STM32WBxx_HAL_Driver/stm32wbxx_hal_flash_ex.o
 .comment       0x00000043       0x44 ./Drivers/STM32WBxx_HAL_Driver/stm32wbxx_hal_gpio.o
 .comment       0x00000043       0x44 ./Drivers/STM32WBxx_HAL_Driver/stm32wbxx_hal_pwr.o
 .comment       0x00000043       0x44 ./Drivers/STM32WBxx_HAL_Driver/stm32wbxx_hal_pwr_ex.o
 .comment       0x00000043       0x44 ./Drivers/STM32WBxx_HAL_Driver/stm32wbxx_hal_rcc.o
 .comment       0x00000043       0x44 ./Drivers/STM32WBxx_HAL_Driver/stm32wbxx_hal_rtc.o
 .comment       0x00000043       0x44 ./Drivers/STM32WBxx_HAL_Driver/stm32wbxx_hal_uart.o
 .comment       0x00000043       0x44 ./Drivers/STM32WBxx_HAL_Driver/stm32wbxx_hal_uart_ex.o
 .comment       0x00000043       0x44 ./Middlewares/STM32_WPAN/ble/blesvc/otas_stm.o
 .comment       0x00000043       0x44 ./Middlewares/STM32_WPAN/ble/blesvc/svc_ctl.o
 .comment       0x00000043       0x44 ./Middlewares/STM32_WPAN/ble/core/ble_gap_aci.o
 .comment       0x00000043       0x44 ./Middlewares/STM32_WPAN/ble/core/ble_gatt_aci.o
 .comment       0x00000043       0x44 ./Middlewares/STM32_WPAN/ble/core/ble_hal_aci.o
 .comment       0x00000043       0x44 ./Middlewares/STM32_WPAN/ble/core/ble_hci_le.o
 .comment       0x00000043       0x44 ./Middlewares/STM32_WPAN/ble/core/osal.o
 .comment       0x00000043       0x44 ./Middlewares/STM32_WPAN/interface/patterns/ble_thread/shci/shci.o
 .comment       0x00000043       0x44 ./Middlewares/STM32_WPAN/interface/patterns/ble_thread/tl/hci_tl.o
 .comment       0x00000043       0x44 ./Middlewares/STM32_WPAN/interface/patterns/ble_thread/tl/hci_tl_if.o
 .comment       0x00000043       0x44 ./Middlewares/STM32_WPAN/interface/patterns/ble_thread/tl/shci_tl.o
 .comment       0x00000043       0x44 ./Middlewares/STM32_WPAN/interface/patterns/ble_thread/tl/shci_tl_if.o
 .comment       0x00000043       0x44 ./Middlewares/STM32_WPAN/interface/patterns/ble_thread/tl/tl_mbox.o
 .comment       0x00000043       0x44 ./Middlewares/STM32_WPAN/utilities/otp.o
 .comment       0x00000043       0x44 ./Middlewares/STM32_WPAN/utilities/stm_list.o
 .comment       0x00000043       0x44 ./Utilities/stm32_lpm.o
 .comment       0x00000043       0x44 ./Utilities/stm32_seq.o

.debug_frame    0x00000000       0x74
 .debug_frame   0x00000000       0x20 C:/ST/STM32CubeIDE_1.16.0/STM32CubeIDE/plugins/com.st.stm32cube.ide.mcu.externaltools.gnu-tools-for-stm32.13.3.rel1.win32_1.0.0.202411081344/tools/bin/../lib/gcc/arm-none-eabi/13.3.1/../../../../arm-none-eabi/lib/thumb/v7e-m+fp/hard\libc_nano.a(libc_a-memset.o)
 .debug_frame   0x00000020       0x2c C:/ST/STM32CubeIDE_1.16.0/STM32CubeIDE/plugins/com.st.stm32cube.ide.mcu.externaltools.gnu-tools-for-stm32.13.3.rel1.win32_1.0.0.202411081344/tools/bin/../lib/gcc/arm-none-eabi/13.3.1/../../../../arm-none-eabi/lib/thumb/v7e-m+fp/hard\libc_nano.a(libc_a-init.o)
 .debug_frame   0x0000004c       0x28 C:/ST/STM32CubeIDE_1.16.0/STM32CubeIDE/plugins/com.st.stm32cube.ide.mcu.externaltools.gnu-tools-for-stm32.13.3.rel1.win32_1.0.0.202411081344/tools/bin/../lib/gcc/arm-none-eabi/13.3.1/../../../../arm-none-eabi/lib/thumb/v7e-m+fp/hard\libc_nano.a(libc_a-memcpy-stub.o)
