N:/STM32/STM32Cube_FW_WB_V1.20.0/Projects/P-NUCLEO-WB55.Nucleo/Applications/BLE/BLE_Ota/STM32_WPAN/App/app_ble.c:799:13:BLE_UserEvtRx	8	static
N:/STM32/STM32Cube_FW_WB_V1.20.0/Projects/P-NUCLEO-WB55.Nucleo/Applications/BLE/BLE_Ota/STM32_WPAN/App/app_ble.c:650:13:Adv_Request	40	static
N:/STM32/STM32Cube_FW_WB_V1.20.0/Projects/P-NUCLEO-WB55.Nucleo/Applications/BLE/BLE_Ota/STM32_WPAN/App/app_ble.c:819:13:BLE_StatusNot	0	static
N:/STM32/STM32Cube_FW_WB_V1.20.0/Projects/P-NUCLEO-WB55.Nucleo/Applications/BLE/BLE_Ota/STM32_WPAN/App/app_ble.c:713:16:BleGetBdAddress	8	static
N:/STM32/STM32Cube_FW_WB_V1.20.0/Projects/P-NUCLEO-WB55.Nucleo/Applications/BLE/BLE_Ota/STM32_WPAN/App/app_ble.c:136:6:APP_BLE_Init	128	static,ignoring_inline_asm
N:/STM32/STM32Cube_FW_WB_V1.20.0/Projects/P-NUCLEO-WB55.Nucleo/Applications/BLE/BLE_Ota/STM32_WPAN/App/app_ble.c:273:28:SVCCTL_App_Notification	8	static
N:/STM32/STM32Cube_FW_WB_V1.20.0/Projects/P-NUCLEO-WB55.Nucleo/Applications/BLE/BLE_Ota/STM32_WPAN/App/app_ble.c:368:6:APP_BLE_Key_Button1_Action	0	static
N:/STM32/STM32Cube_FW_WB_V1.20.0/Projects/P-NUCLEO-WB55.Nucleo/Applications/BLE/BLE_Ota/STM32_WPAN/App/app_ble.c:372:6:APP_BLE_Key_Button2_Action	0	static
N:/STM32/STM32Cube_FW_WB_V1.20.0/Projects/P-NUCLEO-WB55.Nucleo/Applications/BLE/BLE_Ota/STM32_WPAN/App/app_ble.c:376:6:APP_BLE_Key_Button3_Action	0	static
N:/STM32/STM32Cube_FW_WB_V1.20.0/Projects/P-NUCLEO-WB55.Nucleo/Applications/BLE/BLE_Ota/STM32_WPAN/App/app_ble.c:778:6:hci_notify_asynch_evt	0	static
N:/STM32/STM32Cube_FW_WB_V1.20.0/Projects/P-NUCLEO-WB55.Nucleo/Applications/BLE/BLE_Ota/STM32_WPAN/App/app_ble.c:785:6:hci_cmd_resp_release	0	static
N:/STM32/STM32Cube_FW_WB_V1.20.0/Projects/P-NUCLEO-WB55.Nucleo/Applications/BLE/BLE_Ota/STM32_WPAN/App/app_ble.c:792:6:hci_cmd_resp_wait	0	static
N:/STM32/STM32Cube_FW_WB_V1.20.0/Projects/P-NUCLEO-WB55.Nucleo/Applications/BLE/BLE_Ota/STM32_WPAN/App/app_ble.c:858:6:SVCCTL_ResumeUserEventFlow	0	static
