../../../../../../../Drivers/STM32WBxx_HAL_Driver/Inc/stm32wbxx_ll_bus.h:539:22:LL_AHB2_GRP1_EnableClock	8	static
N:/STM32/STM32Cube_FW_WB_V1.20.0/Drivers/BSP/P-NUCLEO-WB55.Nucleo/stm32wbxx_nucleo.c:518:13:SPIx_Init	40	static
N:/STM32/STM32Cube_FW_WB_V1.20.0/Drivers/BSP/P-NUCLEO-WB55.Nucleo/stm32wbxx_nucleo.c:576:13:SPIx_Write	32	static
N:/STM32/STM32Cube_FW_WB_V1.20.0/Drivers/BSP/P-NUCLEO-WB55.Nucleo/stm32wbxx_nucleo.c:558:13:SPIx_WriteReadData	16	static
N:/STM32/STM32Cube_FW_WB_V1.20.0/Drivers/BSP/P-NUCLEO-WB55.Nucleo/stm32wbxx_nucleo.c:185:10:BSP_GetVersion	0	static
N:/STM32/STM32Cube_FW_WB_V1.20.0/Drivers/BSP/P-NUCLEO-WB55.Nucleo/stm32wbxx_nucleo.c:203:6:BSP_LED_Init	48	static
N:/STM32/STM32Cube_FW_WB_V1.20.0/Drivers/BSP/P-NUCLEO-WB55.Nucleo/stm32wbxx_nucleo.c:231:6:BSP_LED_DeInit	16	static
N:/STM32/STM32Cube_FW_WB_V1.20.0/Drivers/BSP/P-NUCLEO-WB55.Nucleo/stm32wbxx_nucleo.c:251:6:BSP_LED_On	0	static
N:/STM32/STM32Cube_FW_WB_V1.20.0/Drivers/BSP/P-NUCLEO-WB55.Nucleo/stm32wbxx_nucleo.c:265:6:BSP_LED_Off	0	static
N:/STM32/STM32Cube_FW_WB_V1.20.0/Drivers/BSP/P-NUCLEO-WB55.Nucleo/stm32wbxx_nucleo.c:279:6:BSP_LED_Toggle	0	static
N:/STM32/STM32Cube_FW_WB_V1.20.0/Drivers/BSP/P-NUCLEO-WB55.Nucleo/stm32wbxx_nucleo.c:306:6:BSP_PB_Init	40	static
N:/STM32/STM32Cube_FW_WB_V1.20.0/Drivers/BSP/P-NUCLEO-WB55.Nucleo/stm32wbxx_nucleo.c:350:6:BSP_PB_DeInit	16	static
N:/STM32/STM32Cube_FW_WB_V1.20.0/Drivers/BSP/P-NUCLEO-WB55.Nucleo/stm32wbxx_nucleo.c:368:10:BSP_PB_GetState	8	static
N:/STM32/STM32Cube_FW_WB_V1.20.0/Drivers/BSP/P-NUCLEO-WB55.Nucleo/stm32wbxx_nucleo.c:388:9:BSP_JOY_Init	112	static
N:/STM32/STM32Cube_FW_WB_V1.20.0/Drivers/BSP/P-NUCLEO-WB55.Nucleo/stm32wbxx_nucleo.c:418:18:BSP_JOY_GetState	8	static
N:/STM32/STM32Cube_FW_WB_V1.20.0/Drivers/BSP/P-NUCLEO-WB55.Nucleo/stm32wbxx_nucleo.c:658:6:SD_IO_CSState	0	static
N:/STM32/STM32Cube_FW_WB_V1.20.0/Drivers/BSP/P-NUCLEO-WB55.Nucleo/stm32wbxx_nucleo.c:677:6:SD_IO_WriteReadData	0	static
N:/STM32/STM32Cube_FW_WB_V1.20.0/Drivers/BSP/P-NUCLEO-WB55.Nucleo/stm32wbxx_nucleo.c:688:9:SD_IO_WriteByte	24	static
N:/STM32/STM32Cube_FW_WB_V1.20.0/Drivers/BSP/P-NUCLEO-WB55.Nucleo/stm32wbxx_nucleo.c:614:6:SD_IO_Init	48	static
N:/STM32/STM32Cube_FW_WB_V1.20.0/Drivers/BSP/P-NUCLEO-WB55.Nucleo/stm32wbxx_nucleo.c:702:6:LCD_IO_Init	40	static
N:/STM32/STM32Cube_FW_WB_V1.20.0/Drivers/BSP/P-NUCLEO-WB55.Nucleo/stm32wbxx_nucleo.c:733:6:LCD_IO_WriteReg	8	static
N:/STM32/STM32Cube_FW_WB_V1.20.0/Drivers/BSP/P-NUCLEO-WB55.Nucleo/stm32wbxx_nucleo.c:754:6:LCD_IO_WriteMultipleData	24	static
N:/STM32/STM32Cube_FW_WB_V1.20.0/Drivers/BSP/P-NUCLEO-WB55.Nucleo/stm32wbxx_nucleo.c:810:6:LCD_Delay	0	static
